Archive member included to satisfy reference by file (symbol)

gps/libgps.a(gps_pico.cpp.o)  CMakeFiles/pico_tracker.dir/main.cpp.o (gps_pico::gps_pico())
lib/libi2cbus.a(i2c_bus.cpp.o)
                              gps/libgps.a(gps_pico.cpp.o) (i2c::i2cbus::i2cbus())
/Applications/ArmGNUToolchain/14.2.rel1/arm-none-eabi/bin/../lib/gcc/arm-none-eabi/14.2.1/thumb/v6-m/nofp/libgcc.a(_dvmd_tls.o)
                              CMakeFiles/pico_tracker.dir/external/pico-sdk/src/rp2_common/pico_divider/divider_hardware.S.o (__aeabi_idiv0)
/Applications/ArmGNUToolchain/14.2.rel1/arm-none-eabi/bin/../lib/gcc/arm-none-eabi/14.2.1/../../../../arm-none-eabi/lib/thumb/v6-m/nofp/libg.a(libc_a-calloc.o)
                              CMakeFiles/pico_tracker.dir/external/pico-sdk/src/rp2_common/pico_malloc/malloc.c.o (calloc)
/Applications/ArmGNUToolchain/14.2.rel1/arm-none-eabi/bin/../lib/gcc/arm-none-eabi/14.2.1/../../../../arm-none-eabi/lib/thumb/v6-m/nofp/libg.a(libc_a-callocr.o)
                              /Applications/ArmGNUToolchain/14.2.rel1/arm-none-eabi/bin/../lib/gcc/arm-none-eabi/14.2.1/../../../../arm-none-eabi/lib/thumb/v6-m/nofp/libg.a(libc_a-calloc.o) (_calloc_r)
/Applications/ArmGNUToolchain/14.2.rel1/arm-none-eabi/bin/../lib/gcc/arm-none-eabi/14.2.1/../../../../arm-none-eabi/lib/thumb/v6-m/nofp/libg.a(libc_a-malloc.o)
                              CMakeFiles/pico_tracker.dir/external/pico-sdk/src/rp2_common/pico_malloc/malloc.c.o (malloc)
/Applications/ArmGNUToolchain/14.2.rel1/arm-none-eabi/bin/../lib/gcc/arm-none-eabi/14.2.1/../../../../arm-none-eabi/lib/thumb/v6-m/nofp/libg.a(libc_a-mallocr.o)
                              /Applications/ArmGNUToolchain/14.2.rel1/arm-none-eabi/bin/../lib/gcc/arm-none-eabi/14.2.1/../../../../arm-none-eabi/lib/thumb/v6-m/nofp/libg.a(libc_a-callocr.o) (_malloc_r)
/Applications/ArmGNUToolchain/14.2.rel1/arm-none-eabi/bin/../lib/gcc/arm-none-eabi/14.2.1/../../../../arm-none-eabi/lib/thumb/v6-m/nofp/libg.a(libc_a-mlock.o)
                              /Applications/ArmGNUToolchain/14.2.rel1/arm-none-eabi/bin/../lib/gcc/arm-none-eabi/14.2.1/../../../../arm-none-eabi/lib/thumb/v6-m/nofp/libg.a(libc_a-mallocr.o) (__malloc_lock)
/Applications/ArmGNUToolchain/14.2.rel1/arm-none-eabi/bin/../lib/gcc/arm-none-eabi/14.2.1/../../../../arm-none-eabi/lib/thumb/v6-m/nofp/libg.a(libc_a-realloc.o)
                              CMakeFiles/pico_tracker.dir/external/pico-sdk/src/rp2_common/pico_malloc/malloc.c.o (realloc)
/Applications/ArmGNUToolchain/14.2.rel1/arm-none-eabi/bin/../lib/gcc/arm-none-eabi/14.2.1/../../../../arm-none-eabi/lib/thumb/v6-m/nofp/libg.a(libc_a-reallocr.o)
                              /Applications/ArmGNUToolchain/14.2.rel1/arm-none-eabi/bin/../lib/gcc/arm-none-eabi/14.2.1/../../../../arm-none-eabi/lib/thumb/v6-m/nofp/libg.a(libc_a-realloc.o) (_realloc_r)
/Applications/ArmGNUToolchain/14.2.rel1/arm-none-eabi/bin/../lib/gcc/arm-none-eabi/14.2.1/../../../../arm-none-eabi/lib/thumb/v6-m/nofp/libg.a(libc_a-sscanf.o)
                              gps/libgps.a(gps_pico.cpp.o) (sscanf)
/Applications/ArmGNUToolchain/14.2.rel1/arm-none-eabi/bin/../lib/gcc/arm-none-eabi/14.2.1/../../../../arm-none-eabi/lib/thumb/v6-m/nofp/libg.a(libc_a-stdio.o)
                              /Applications/ArmGNUToolchain/14.2.rel1/arm-none-eabi/bin/../lib/gcc/arm-none-eabi/14.2.1/../../../../arm-none-eabi/lib/thumb/v6-m/nofp/libg.a(libc_a-sscanf.o) (__seofread)
/Applications/ArmGNUToolchain/14.2.rel1/arm-none-eabi/bin/../lib/gcc/arm-none-eabi/14.2.1/../../../../arm-none-eabi/lib/thumb/v6-m/nofp/libg.a(libc_a-memcmp.o)
                              CMakeFiles/pico_tracker.dir/external/pico-sdk/src/rp2_common/pico_atomic/atomic.c.o (memcmp)
/Applications/ArmGNUToolchain/14.2.rel1/arm-none-eabi/bin/../lib/gcc/arm-none-eabi/14.2.1/../../../../arm-none-eabi/lib/thumb/v6-m/nofp/libg.a(libc_a-memmove.o)
                              /Applications/ArmGNUToolchain/14.2.rel1/arm-none-eabi/bin/../lib/gcc/arm-none-eabi/14.2.1/../../../../arm-none-eabi/lib/thumb/v6-m/nofp/libg.a(libc_a-reallocr.o) (memmove)
/Applications/ArmGNUToolchain/14.2.rel1/arm-none-eabi/bin/../lib/gcc/arm-none-eabi/14.2.1/../../../../arm-none-eabi/lib/thumb/v6-m/nofp/libg.a(libc_a-strncpy.o)
                              gps/libgps.a(gps_pico.cpp.o) (strncpy)
/Applications/ArmGNUToolchain/14.2.rel1/arm-none-eabi/bin/../lib/gcc/arm-none-eabi/14.2.1/../../../../arm-none-eabi/lib/thumb/v6-m/nofp/libg.a(libc_a-strstr.o)
                              gps/libgps.a(gps_pico.cpp.o) (strstr)
/Applications/ArmGNUToolchain/14.2.rel1/arm-none-eabi/bin/../lib/gcc/arm-none-eabi/14.2.1/../../../../arm-none-eabi/lib/thumb/v6-m/nofp/libg.a(libc_a-lcltime_r.o)
                              CMakeFiles/pico_tracker.dir/external/pico-sdk/src/common/pico_util/datetime.c.o (localtime_r)
/Applications/ArmGNUToolchain/14.2.rel1/arm-none-eabi/bin/../lib/gcc/arm-none-eabi/14.2.1/../../../../arm-none-eabi/lib/thumb/v6-m/nofp/libg.a(libc_a-mktime.o)
[...]
Memory Configuration

Name             Origin             Length             Attributes
FLASH            0x10000000         0x00800000         xr
RAM              0x20000000         0x00040000         xrw
SCRATCH_X        0x20040000         0x00001000         xrw
SCRATCH_Y        0x20041000         0x00001000         xrw
*default*        0x00000000         0xffffffff

Linker script and memory map

LOAD /Applications/ArmGNUToolchain/14.2.rel1/arm-none-eabi/bin/../lib/gcc/arm-none-eabi/14.2.1/thumb/v6-m/nofp/crti.o
LOAD /Applications/ArmGNUToolchain/14.2.rel1/arm-none-eabi/bin/../lib/gcc/arm-none-eabi/14.2.1/thumb/v6-m/nofp/crtbegin.o
LOAD /Applications/ArmGNUToolchain/14.2.rel1/arm-none-eabi/bin/../lib/gcc/arm-none-eabi/14.2.1/../../../../arm-none-eabi/lib/thumb/v6-m/nofp/crt0.o

.flash_begin    0x10000000        0x0
                0x10000000                        __flash_binary_start = .

.boot2          0x10000000      0x100
                0x10000000                        __boot2_start__ = .
 *(.boot2)
 .boot2         0x10000000      0x100 pico-sdk/src/rp2040/boot_stage2/CMakeFiles/bs2_default_library.dir/bs2_default_padded_checksummed.S.o
                0x10000100                        __boot2_end__ = .
                0x00000001                        ASSERT (((__boot2_end__ - __boot2_start__) == 0x100), ERROR: Pico second stage bootloader must be 256 bytes in size)

.text           0x10000100     0x6e78
                0x10000100                        __logical_binary_start = .
 *(.vectors)
 .vectors       0x10000100       0xd4 CMakeFiles/pico_tracker.dir/external/pico-sdk/src/rp2_common/pico_crt0/crt0.S.o
                0x10000100                __VECTOR_TABLE
                0x10000100                __vectors
                0x100001c0                __default_isrs_start
                0x100001c0                isr_invalid
                0x100001c2                isr_nmi
                0x100001c4                isr_hardfault
                0x100001c6                isr_svcall
                0x100001c8                isr_pendsv
                0x100001ca                isr_systick
                0x100001cc                isr_irq28
                0x100001cc                isr_irq19
                0x100001cc                isr_irq0
                0x100001cc                isr_irq6
                0x100001cc                isr_irq22
                0x100001cc                isr_irq17
                0x100001cc                isr_irq14
                0x100001cc                isr_irq2
                0x100001cc                isr_irq10
                0x100001cc                isr_irq8
                0x100001cc                isr_irq24
                0x100001cc                isr_irq1
                0x100001cc                isr_irq7
                0x100001cc                isr_irq21
                0x100001cc                isr_irq20
                0x100001cc                isr_irq15
                0x100001cc                isr_irq25
                0x100001cc                isr_irq4
                0x100001cc                isr_irq16
                0x100001cc                isr_irq29
                0x100001cc                isr_irq26
                0x100001cc                __default_isrs_end
                0x100001cc                isr_irq3
                0x100001cc                isr_irq9
                0x100001cc                __unhandled_user_irq
                0x100001cc                isr_irq13
                0x100001cc                isr_irq27
                0x100001cc                isr_irq31
                0x100001cc                isr_irq5
                0x100001cc                isr_irq11
                0x100001cc                isr_irq23
                0x100001cc                isr_irq18
                0x100001cc                isr_irq30
                0x100001cc                isr_irq12
                0x100001d2                unhandled_user_irq_num_in_r0
 *(.binary_info_header)
 .binary_info_header
                0x100001d4       0x14 CMakeFiles/pico_tracker.dir/external/pico-sdk/src/rp2_common/pico_crt0/crt0.S.o
                0x100001e8                        __binary_info_header_end = .
 *(.embedded_block)
                0x100001e8                        __embedded_block_end = .
 *(.reset)
 .reset         0x100001e8       0x9c CMakeFiles/pico_tracker.dir/external/pico-sdk/src/rp2_common/pico_crt0/crt0.S.o
                0x100001e8                _entry_point
 *(.init)
 .init          0x10000284        0x4 /Applications/ArmGNUToolchain/14.2.rel1/arm-none-eabi/bin/../lib/gcc/arm-none-eabi/14.2.1/thumb/v6-m/nofp/crti.o
                0x10000284                _init
 *(EXCLUDE_FILE(*libm.a: *libc.a:*lib_a-mem*.o *libgcc.a:) .text*)
 .text.register_tm_clones
                0x10000288       0x28 /Applications/ArmGNUToolchain/14.2.rel1/arm-none-eabi/bin/../lib/gcc/arm-none-eabi/14.2.1/thumb/v6-m/nofp/crtbegin.o
 .text.frame_dummy
                0x100002b0       0x24 /Applications/ArmGNUToolchain/14.2.rel1/arm-none-eabi/bin/../lib/gcc/arm-none-eabi/14.2.1/thumb/v6-m/nofp/crtbegin.o
 .text._ZN8gps_pico10createLockEv
                0x100002d4        0x4 CMakeFiles/pico_tracker.dir/main.cpp.o
                0x100002d4                gps_pico::createLock()
 .text._ZN8gps_pico4lockEv
                0x100002d8        0x4 CMakeFiles/pico_tracker.dir/main.cpp.o
                0x100002d8                gps_pico::lock()
 .text._ZN8gps_pico6unlockEv
                0x100002dc        0x4 CMakeFiles/pico_tracker.dir/main.cpp.o
                0x100002dc                gps_pico::unlock()
 .text._ZN8gps_pico10deleteLockEv
                0x100002e0        0x4 CMakeFiles/pico_tracker.dir/main.cpp.o
                0x100002e0                gps_pico::deleteLock()
 .text._Z5setupv
                0x100002e4       0x90 CMakeFiles/pico_tracker.dir/main.cpp.o
                0x100002e4                setup()
 .text.startup.main
                0x10000374       0x24 CMakeFiles/pico_tracker.dir/main.cpp.o
                0x10000374                main
 .text.startup._GLOBAL__sub_I_gps
                0x10000398       0x24 CMakeFiles/pico_tracker.dir/main.cpp.o
 .text.gpio_set_function
                0x100003bc       0x34 CMakeFiles/pico_tracker.dir/external/pico-sdk/src/rp2_common/hardware_gpio/gpio.c.o
                0x100003bc                gpio_set_function
 .text.gpio_set_pulls
                0x100003f0       0x28 CMakeFiles/pico_tracker.dir/external/pico-sdk/src/rp2_common/hardware_gpio/gpio.c.o
                0x100003f0                gpio_set_pulls
 .text.rp2040_chip_version
                0x10000418        0xc CMakeFiles/pico_tracker.dir/external/pico-sdk/src/rp2040/pico_platform/platform.c.o
                0x10000418                rp2040_chip_version
 .text.panic    0x10000424       0x30 CMakeFiles/pico_tracker.dir/external/pico-sdk/src/rp2_common/pico_platform_panic/panic.c.o
                0x10000424                panic
 .text.hw_claim_or_assert
                0x10000454       0x44 CMakeFiles/pico_tracker.dir/external/pico-sdk/src/common/hardware_claim/claim.c.o
                0x10000454                hw_claim_or_assert
 .text.hw_claim_unused_from_range
                0x10000498       0x88 CMakeFiles/pico_tracker.dir/external/pico-sdk/src/common/hardware_claim/claim.c.o
                0x10000498                hw_claim_unused_from_range
 .text.next_striped_spin_lock_num
                0x10000520       0x18 CMakeFiles/pico_tracker.dir/external/pico-sdk/src/rp2_common/hardware_sync/sync.c.o
                0x10000520                next_striped_spin_lock_num
 .text.spin_lock_claim_unused
                0x10000538       0x24 CMakeFiles/pico_tracker.dir/external/pico-sdk/src/rp2_common/hardware_sync/sync.c.o
                0x10000538                spin_lock_claim_unused
 .text.spin_locks_reset
                0x1000055c       0x1c CMakeFiles/pico_tracker.dir/external/pico-sdk/src/rp2_common/hardware_sync_spin_lock/sync_spin_lock.c.o
                0x1000055c                spin_locks_reset
 .text.runtime_init_per_core_irq_priorities
                0x10000578       0x24 CMakeFiles/pico_tracker.dir/external/pico-sdk/src/rp2_common/hardware_irq/irq.c.o
                0x10000578                runtime_init_per_core_irq_priorities
 .text.irq_set_enabled
                0x1000059c       0x24 CMakeFiles/pico_tracker.dir/external/pico-sdk/src/rp2_common/hardware_irq/irq.c.o
                0x1000059c                irq_set_enabled
 .text.irq_is_enabled
                0x100005c0       0x18 CMakeFiles/pico_tracker.dir/external/pico-sdk/src/rp2_common/hardware_irq/irq.c.o
                0x100005c0                irq_is_enabled
 .text.irq_set_pending
                0x100005d8       0x10 CMakeFiles/pico_tracker.dir/external/pico-sdk/src/rp2_common/hardware_irq/irq.c.o
                0x100005d8                irq_set_pending
 .text.irq_has_shared_handler
                0x100005e8       0x24 CMakeFiles/pico_tracker.dir/external/pico-sdk/src/rp2_common/hardware_irq/irq.c.o
                0x100005e8                irq_has_shared_handler
 .text.irq_set_exclusive_handler
                0x1000060c       0x54 CMakeFiles/pico_tracker.dir/external/pico-sdk/src/rp2_common/hardware_irq/irq.c.o
                0x1000060c                irq_set_exclusive_handler
 .text.irq_add_shared_handler
                0x10000660      0x1f4 CMakeFiles/pico_tracker.dir/external/pico-sdk/src/rp2_common/hardware_irq/irq.c.o
                0x10000660                irq_add_shared_handler
 .text.irq_add_tail_to_free_list
                0x10000854       0xb4 CMakeFiles/pico_tracker.dir/external/pico-sdk/src/rp2_common/hardware_irq/irq.c.o
                0x10000854                irq_add_tail_to_free_list
 .text.user_irq_claim_unused
                0x10000908       0x2c CMakeFiles/pico_tracker.dir/external/pico-sdk/src/rp2_common/hardware_irq/irq.c.o
                0x10000908                user_irq_claim_unused
 .text.lock_init
                0x10000934       0x10 CMakeFiles/pico_tracker.dir/external/pico-sdk/src/common/pico_sync/lock_core.c.o
                0x10000934                lock_init
 .text.runtime_init_mutex
                0x10000944       0x50 CMakeFiles/pico_tracker.dir/external/pico-sdk/src/common/pico_sync/mutex.c.o
                0x10000944                runtime_init_mutex
 .text.mutex_init
                0x10000994       0x1c CMakeFiles/pico_tracker.dir/external/pico-sdk/src/common/pico_sync/mutex.c.o
                0x10000994                mutex_init
 .text.critical_section_init
                0x100009b0       0x1c CMakeFiles/pico_tracker.dir/external/pico-sdk/src/common/pico_sync/critical_section.c.o
                0x100009b0                critical_section_init
 .text.critical_section_init_with_lock_num
                0x100009cc       0x14 CMakeFiles/pico_tracker.dir/external/pico-sdk/src/common/pico_sync/critical_section.c.o
                0x100009cc                critical_section_init_with_lock_num
 .text.sleep_until_callback
                0x100009e0       0x30 CMakeFiles/pico_tracker.dir/external/pico-sdk/src/common/pico_time/time.c.o
 .text.alarm_pool_irq_handler
                0x10000a10      0x300 CMakeFiles/pico_tracker.dir/external/pico-sdk/src/common/pico_time/time.c.o
 .text.runtime_init_default_alarm_pool
                0x10000d10       0xdc CMakeFiles/pico_tracker.dir/external/pico-sdk/src/common/pico_time/time.c.o
                0x10000d10                runtime_init_default_alarm_pool
 .text.alarm_pool_get_default
                0x10000dec        0x8 CMakeFiles/pico_tracker.dir/external/pico-sdk/src/common/pico_time/time.c.o
                0x10000dec                alarm_pool_get_default
 .text.alarm_pool_add_alarm_at
                0x10000df4       0xd0 CMakeFiles/pico_tracker.dir/external/pico-sdk/src/common/pico_time/time.c.o
                0x10000df4                alarm_pool_add_alarm_at
 .text.alarm_pool_add_alarm_at_force_in_context
                0x10000ec4       0xb0 CMakeFiles/pico_tracker.dir/external/pico-sdk/src/common/pico_time/time.c.o
                0x10000ec4                alarm_pool_add_alarm_at_force_in_context
 .text.alarm_pool_cancel_alarm
                0x10000f74       0x74 CMakeFiles/pico_tracker.dir/external/pico-sdk/src/common/pico_time/time.c.o
                0x10000f74                alarm_pool_cancel_alarm
 .text.alarm_pool_core_num
                0x10000fe8        0x4 CMakeFiles/pico_tracker.dir/external/pico-sdk/src/common/pico_time/time.c.o
                0x10000fe8                alarm_pool_core_num
 .text.sleep_ms
                0x10000fec       0xfc CMakeFiles/pico_tracker.dir/external/pico-sdk/src/common/pico_time/time.c.o
                0x10000fec                sleep_ms
 .text.best_effort_wfe_or_timeout
                0x100010e8      0x10c CMakeFiles/pico_tracker.dir/external/pico-sdk/src/common/pico_time/time.c.o
                0x100010e8                best_effort_wfe_or_timeout
 .text.timer_hardware_alarm_claim
                0x100011f4       0x14 CMakeFiles/pico_tracker.dir/external/pico-sdk/src/rp2_common/hardware_timer/timer.c.o
                0x100011f4                timer_hardware_alarm_claim
 .text.timer_time_us_64
                0x10001208       0x10 CMakeFiles/pico_tracker.dir/external/pico-sdk/src/rp2_common/hardware_timer/timer.c.o
                0x10001208                timer_time_us_64
 .text.time_us_64
                0x10001218       0x14 CMakeFiles/pico_tracker.dir/external/pico-sdk/src/rp2_common/hardware_timer/timer.c.o
                0x10001218                time_us_64
 .text.busy_wait_until
                0x1000122c       0x20 CMakeFiles/pico_tracker.dir/external/pico-sdk/src/rp2_common/hardware_timer/timer.c.o
                0x1000122c                busy_wait_until
 .text.clock_configure_int_divider
                0x1000124c       0xf4 CMakeFiles/pico_tracker.dir/external/pico-sdk/src/rp2_common/hardware_clocks/clocks.c.o
                0x1000124c                clock_configure_int_divider
 .text.clock_configure_undivided
                0x10001340       0xe8 CMakeFiles/pico_tracker.dir/external/pico-sdk/src/rp2_common/hardware_clocks/clocks.c.o
                0x10001340                clock_configure_undivided
 .text.clock_get_hz
                0x10001428        0xc CMakeFiles/pico_tracker.dir/external/pico-sdk/src/rp2_common/hardware_clocks/clocks.c.o
                0x10001428                clock_get_hz
 .text.pll_init
                0x10001434       0xa4 CMakeFiles/pico_tracker.dir/external/pico-sdk/src/rp2_common/hardware_pll/pll.c.o
                0x10001434                pll_init
 .text.watchdog_reboot
                0x100014d8       0x9c CMakeFiles/pico_tracker.dir/external/pico-sdk/src/rp2_common/hardware_watchdog/watchdog.c.o
                0x100014d8                watchdog_reboot
 .text.tick_start
                0x10001574       0x10 CMakeFiles/pico_tracker.dir/external/pico-sdk/src/rp2_common/hardware_ticks/ticks.c.o
                0x10001574                tick_start
 .text.rom_func_lookup
                0x10001584       0x10 CMakeFiles/pico_tracker.dir/external/pico-sdk/src/rp2_common/pico_bootrom/bootrom.c.o
                0x10001584                rom_func_lookup
 .text.rom_data_lookup
                0x10001594       0x10 CMakeFiles/pico_tracker.dir/external/pico-sdk/src/rp2_common/pico_bootrom/bootrom.c.o
                0x10001594                rom_data_lookup
 .text.rom_funcs_lookup
                0x100015a4       0x44 CMakeFiles/pico_tracker.dir/external/pico-sdk/src/rp2_common/pico_bootrom/bootrom.c.o
                0x100015a4                rom_funcs_lookup
 .text.rom_reset_usb_boot_extra
                0x100015e8       0x24 CMakeFiles/pico_tracker.dir/external/pico-sdk/src/rp2_common/pico_bootrom/bootrom.c.o
                0x100015e8                rom_reset_usb_boot_extra
 .text.xosc_init
                0x1000160c       0x28 CMakeFiles/pico_tracker.dir/external/pico-sdk/src/rp2_common/hardware_xosc/xosc.c.o
                0x1000160c                xosc_init
 .text.first_per_core_initializer
                0x10001634        0x4 CMakeFiles/pico_tracker.dir/external/pico-sdk/src/rp2_common/pico_runtime/runtime.c.o
 .text.hard_assertion_failure
                0x10001638        0xc CMakeFiles/pico_tracker.dir/external/pico-sdk/src/rp2_common/pico_runtime/runtime.c.o
                0x10001638                hard_assertion_failure
 .text.runtime_run_initializers
                0x10001644       0x28 CMakeFiles/pico_tracker.dir/external/pico-sdk/src/rp2_common/pico_runtime/runtime.c.o
                0x10001644                runtime_run_initializers
 .text.runtime_init_early_resets
                0x1000166c       0x2c CMakeFiles/pico_tracker.dir/external/pico-sdk/src/rp2_common/pico_runtime_init/runtime_init.c.o
                0x1000166c                runtime_init_early_resets
 .text.runtime_init_usb_power_down
                0x10001698       0x1c CMakeFiles/pico_tracker.dir/external/pico-sdk/src/rp2_common/pico_runtime_init/runtime_init.c.o
                0x10001698                runtime_init_usb_power_down
 .text.runtime_init_post_clock_resets
                0x100016b4       0x20 CMakeFiles/pico_tracker.dir/external/pico-sdk/src/rp2_common/pico_runtime_init/runtime_init.c.o
                0x100016b4                runtime_init_post_clock_resets
 .text.runtime_init_rp2040_gpio_ie_disable
                0x100016d4       0x14 CMakeFiles/pico_tracker.dir/external/pico-sdk/src/rp2_common/pico_runtime_init/runtime_init.c.o
                0x100016d4                runtime_init_rp2040_gpio_ie_disable
 .text.runtime_init_spin_locks_reset
                0x100016e8        0x8 CMakeFiles/pico_tracker.dir/external/pico-sdk/src/rp2_common/pico_runtime_init/runtime_init.c.o
                0x100016e8                runtime_init_spin_locks_reset
 .text.runtime_init_install_ram_vector_table
                0x100016f0       0x1c CMakeFiles/pico_tracker.dir/external/pico-sdk/src/rp2_common/pico_runtime_init/runtime_init.c.o
                0x100016f0                runtime_init_install_ram_vector_table
 .text.runtime_init_clocks
                0x1000170c       0xd8 CMakeFiles/pico_tracker.dir/external/pico-sdk/src/rp2_common/pico_runtime_init/runtime_init_clocks.c.o
                0x1000170c                runtime_init_clocks
 .text          0x100017e4       0x10 CMakeFiles/pico_tracker.dir/external/pico-sdk/src/rp2_common/pico_bit_ops/bit_ops_aeabi.S.o
 .text.__wrap___aeabi_uidiv
                0x100017f4       0x4c CMakeFiles/pico_tracker.dir/external/pico-sdk/src/rp2_common/pico_divider/divider_hardware.S.o
                0x100017f4                __wrap___aeabi_uidiv
                0x100017f4                __wrap___aeabi_uidivmod
                0x100017f4                div_u32u32
                0x100017f4                divmod_u32u32
                0x100017fc                divmod_u32u32_unsafe
                0x10001824                divmod_u32u32_savestate
 .text.__wrap___aeabi_ldiv
                0x10001840      0x424 CMakeFiles/pico_tracker.dir/external/pico-sdk/src/rp2_common/pico_divider/divider_hardware.S.o
                0x10001840                __wrap___aeabi_ldivmod
                0x10001840                div_s64s64
                0x10001840                divmod_s64s64
                0x10001870                divmod_u64u64
                0x10001870                div_u64u64
                0x10001870                __wrap___aeabi_uldivmod
                0x10001880                divmod_u64u64_savestate
                0x100018a0                divmod_s64s64_unsafe
                0x10001928                divmod_u64u64_unsafe
 .text.missing_double_func_shim
                0x10001c64        0xc CMakeFiles/pico_tracker.dir/external/pico-sdk/src/rp2_common/pico_double/double_init_rom_rp2040.c.o
 .text.__aeabi_double_init
                0x10001c70       0xa0 CMakeFiles/pico_tracker.dir/external/pico-sdk/src/rp2_common/pico_double/double_init_rom_rp2040.c.o
                0x10001c70                __aeabi_double_init
 .text.double_table_shim_on_use_helper
                0x10001d10       0x2c CMakeFiles/pico_tracker.dir/external/pico-sdk/src/rp2_common/pico_double/double_v1_rom_shim_rp2040.S.o
                0x10001d10                double_table_shim_on_use_helper
 .text.__aeabi_lmul
                0x10001d3c       0x32 CMakeFiles/pico_tracker.dir/external/pico-sdk/src/rp2_common/pico_int64_ops/pico_int64_ops_aeabi.S.o
                0x10001d3c                __wrap___aeabi_lmul
 *fill*         0x10001d6e        0x2 
 .text.missing_float_func_shim
                0x10001d70        0xc CMakeFiles/pico_tracker.dir/external/pico-sdk/src/rp2_common/pico_float/float_init_rom_rp2040.c.o
 .text.__aeabi_float_init
                0x10001d7c       0x5c CMakeFiles/pico_tracker.dir/external/pico-sdk/src/rp2_common/pico_float/float_init_rom_rp2040.c.o
                0x10001d7c                __aeabi_float_init
 .text.__wrap_malloc
                0x10001dd8       0x24 CMakeFiles/pico_tracker.dir/external/pico-sdk/src/rp2_common/pico_malloc/malloc.c.o
                0x10001dd8                __wrap_malloc
 .text.__wrap_free
                0x10001dfc        0x8 CMakeFiles/pico_tracker.dir/external/pico-sdk/src/rp2_common/pico_malloc/malloc.c.o
                0x10001dfc                __wrap_free
 .text          0x10001e04       0x10 CMakeFiles/pico_tracker.dir/external/pico-sdk/src/rp2_common/pico_mem_ops/mem_ops_aeabi.S.o
                0x10001e04                __aeabi_mem_init
 .text.memset   0x10001e14        0xc CMakeFiles/pico_tracker.dir/external/pico-sdk/src/rp2_common/pico_mem_ops/mem_ops_aeabi.S.o
                0x10001e14                __wrap_memset
 .text.memcpy   0x10001e20        0xc CMakeFiles/pico_tracker.dir/external/pico-sdk/src/rp2_common/pico_mem_ops/mem_ops_aeabi.S.o
                0x10001e20                __wrap___aeabi_memcpy
                0x10001e20                __wrap_memcpy
 .text._Znaj    0x10001e2c        0x8 CMakeFiles/pico_tracker.dir/external/pico-sdk/src/rp2_common/pico_cxx_options/new_delete.cpp.o
                0x10001e2c                operator new[](unsigned int)
 .text._ZdaPv   0x10001e34        0x8 CMakeFiles/pico_tracker.dir/external/pico-sdk/src/rp2_common/pico_cxx_options/new_delete.cpp.o
                0x10001e34                operator delete[](void*)
 .text._out_char
                0x10001e3c       0x10 CMakeFiles/pico_tracker.dir/external/pico-sdk/src/rp2_common/pico_printf/printf.c.o
 .text.weak_raw_vprintf
                0x10001e4c       0x30 CMakeFiles/pico_tracker.dir/external/pico-sdk/src/rp2_common/pico_printf/printf.c.o
                0x10001e4c                weak_raw_vprintf
 .text._exit    0x10001e7c        0x4 CMakeFiles/pico_tracker.dir/external/pico-sdk/src/rp2_common/pico_clib_interface/newlib_interface.c.o
                0x10001e7c                _exit
 .text._sbrk    0x10001e80       0x34 CMakeFiles/pico_tracker.dir/external/pico-sdk/src/rp2_common/pico_clib_interface/newlib_interface.c.o
                0x10001e80                _sbrk
 .text.exit     0x10001eb4        0x8 CMakeFiles/pico_tracker.dir/external/pico-sdk/src/rp2_common/pico_clib_interface/newlib_interface.c.o
                0x10001eb4                exit
 .text.runtime_init
                0x10001ebc       0x2c CMakeFiles/pico_tracker.dir/external/pico-sdk/src/rp2_common/pico_clib_interface/newlib_interface.c.o
                0x10001ebc                runtime_init
 .text.stdio_out_chars_no_crlf
                0x10001ee8       0x10 CMakeFiles/pico_tracker.dir/external/pico-sdk/src/rp2_common/pico_stdio/stdio.c.o
 .text.stdio_out_chars_crlf
                0x10001ef8       0xb0 CMakeFiles/pico_tracker.dir/external/pico-sdk/src/rp2_common/pico_stdio/stdio.c.o
 .text.stdio_put_string
                0x10001fa8       0xfc CMakeFiles/pico_tracker.dir/external/pico-sdk/src/rp2_common/pico_stdio/stdio.c.o
                0x10001fa8                stdio_put_string
 .text.stdio_set_driver_enabled
                0x100020a4       0x30 CMakeFiles/pico_tracker.dir/external/pico-sdk/src/rp2_common/pico_stdio/stdio.c.o
                0x100020a4                stdio_set_driver_enabled
 .text.stdio_init_all
                0x100020d4        0x8 CMakeFiles/pico_tracker.dir/external/pico-sdk/src/rp2_common/pico_stdio/stdio.c.o
                0x100020d4                stdio_init_all
 .text.__wrap_putchar
                0x100020dc       0x94 CMakeFiles/pico_tracker.dir/external/pico-sdk/src/rp2_common/pico_stdio/stdio.c.o
                0x100020dc                stdio_putchar
                0x100020dc                __wrap_putchar
 .text.__wrap_puts
                0x10002170       0x3c CMakeFiles/pico_tracker.dir/external/pico-sdk/src/rp2_common/pico_stdio/stdio.c.o
                0x10002170                __wrap_puts
                0x10002170                stdio_puts
 .text.resetd_init
                0x100021ac        0x4 CMakeFiles/pico_tracker.dir/external/pico-sdk/src/rp2_common/pico_stdio_usb/reset_interface.c.o
 .text.resetd_reset
                0x100021b0        0xc CMakeFiles/pico_tracker.dir/external/pico-sdk/src/rp2_common/pico_stdio_usb/reset_interface.c.o
 .text.resetd_open
                0x100021bc       0x28 CMakeFiles/pico_tracker.dir/external/pico-sdk/src/rp2_common/pico_stdio_usb/reset_interface.c.o
 .text.resetd_xfer_cb
                0x100021e4        0x4 CMakeFiles/pico_tracker.dir/external/pico-sdk/src/rp2_common/pico_stdio_usb/reset_interface.c.o
 .text.resetd_control_xfer_cb
                0x100021e8       0x54 CMakeFiles/pico_tracker.dir/external/pico-sdk/src/rp2_common/pico_stdio_usb/reset_interface.c.o
 .text.tud_descriptor_bos_cb
                0x1000223c        0x8 CMakeFiles/pico_tracker.dir/external/pico-sdk/src/rp2_common/pico_stdio_usb/reset_interface.c.o
                0x1000223c                tud_descriptor_bos_cb
 .text.tud_vendor_control_xfer_cb
                0x10002244       0x34 CMakeFiles/pico_tracker.dir/external/pico-sdk/src/rp2_common/pico_stdio_usb/reset_interface.c.o
                0x10002244                tud_vendor_control_xfer_cb
 .text.usbd_app_driver_get_cb
                0x10002278        0xc CMakeFiles/pico_tracker.dir/external/pico-sdk/src/rp2_common/pico_stdio_usb/reset_interface.c.o
                0x10002278                usbd_app_driver_get_cb
 .text.tud_cdc_line_coding_cb
                0x10002284       0x2c CMakeFiles/pico_tracker.dir/external/pico-sdk/src/rp2_common/pico_stdio_usb/reset_interface.c.o
                0x10002284                tud_cdc_line_coding_cb
 .text.stdio_usb_set_chars_available_callback
                0x100022b0       0x14 CMakeFiles/pico_tracker.dir/external/pico-sdk/src/rp2_common/pico_stdio_usb/stdio_usb.c.o
                0x100022b0                stdio_usb_set_chars_available_callback
 .text.usb_irq  0x100022c4       0x10 CMakeFiles/pico_tracker.dir/external/pico-sdk/src/rp2_common/pico_stdio_usb/stdio_usb.c.o
 .text.timer_task
                0x100022d4       0x64 CMakeFiles/pico_tracker.dir/external/pico-sdk/src/rp2_common/pico_stdio_usb/stdio_usb.c.o
 .text.stdio_usb_in_chars
                0x10002338       0x8c CMakeFiles/pico_tracker.dir/external/pico-sdk/src/rp2_common/pico_stdio_usb/stdio_usb.c.o
                0x10002338                stdio_usb_in_chars
 .text.stdio_usb_out_flush
                0x100023c4       0x4c CMakeFiles/pico_tracker.dir/external/pico-sdk/src/rp2_common/pico_stdio_usb/stdio_usb.c.o
 .text.stdio_usb_out_chars
                0x10002410      0x100 CMakeFiles/pico_tracker.dir/external/pico-sdk/src/rp2_common/pico_stdio_usb/stdio_usb.c.o
 .text.low_priority_worker_irq
                0x10002510       0xc8 CMakeFiles/pico_tracker.dir/external/pico-sdk/src/rp2_common/pico_stdio_usb/stdio_usb.c.o
 .text.stdio_usb_init
                0x100025d8       0xe8 CMakeFiles/pico_tracker.dir/external/pico-sdk/src/rp2_common/pico_stdio_usb/stdio_usb.c.o
                0x100025d8                stdio_usb_init
 .text.tud_descriptor_device_cb
                0x100026c0        0x8 CMakeFiles/pico_tracker.dir/external/pico-sdk/src/rp2_common/pico_stdio_usb/stdio_usb_descriptors.c.o
                0x100026c0                tud_descriptor_device_cb
 .text.tud_descriptor_configuration_cb
                0x100026c8        0x8 CMakeFiles/pico_tracker.dir/external/pico-sdk/src/rp2_common/pico_stdio_usb/stdio_usb_descriptors.c.o
                0x100026c8                tud_descriptor_configuration_cb
 .text.tud_descriptor_string_cb
                0x100026d0       0x78 CMakeFiles/pico_tracker.dir/external/pico-sdk/src/rp2_common/pico_stdio_usb/stdio_usb_descriptors.c.o
                0x100026d0                tud_descriptor_string_cb
 .text.startup._retrieve_unique_id_on_boot
                0x10002748       0x10 CMakeFiles/pico_tracker.dir/external/pico-sdk/src/rp2_common/pico_unique_id/unique_id.c.o
 .text.pico_get_unique_board_id_string
                0x10002758      0x1a8 CMakeFiles/pico_tracker.dir/external/pico-sdk/src/rp2_common/pico_unique_id/unique_id.c.o
                0x10002758                pico_get_unique_board_id_string
 .text.flash_get_unique_id
                0x10002900       0x3c CMakeFiles/pico_tracker.dir/external/pico-sdk/src/rp2_common/hardware_flash/flash.c.o
                0x10002900                flash_get_unique_id
 .text.dcd_init
                0x1000293c       0x90 CMakeFiles/pico_tracker.dir/external/pico-sdk/lib/tinyusb/src/portable/raspberrypi/rp2040/dcd_rp2040.c.o
                0x1000293c                dcd_init
 .text.dcd_int_enable
                0x100029cc        0xc CMakeFiles/pico_tracker.dir/external/pico-sdk/lib/tinyusb/src/portable/raspberrypi/rp2040/dcd_rp2040.c.o
                0x100029cc                dcd_int_enable
 .text.dcd_set_address
                0x100029d8       0x14 CMakeFiles/pico_tracker.dir/external/pico-sdk/lib/tinyusb/src/portable/raspberrypi/rp2040/dcd_rp2040.c.o
                0x100029d8                dcd_set_address
 .text.dcd_sof_enable
                0x100029ec       0x1c CMakeFiles/pico_tracker.dir/external/pico-sdk/lib/tinyusb/src/portable/raspberrypi/rp2040/dcd_rp2040.c.o
                0x100029ec                dcd_sof_enable
 .text.dcd_edpt0_status_complete
                0x10002a08       0x1c CMakeFiles/pico_tracker.dir/external/pico-sdk/lib/tinyusb/src/portable/raspberrypi/rp2040/dcd_rp2040.c.o
                0x10002a08                dcd_edpt0_status_complete
 .text.dcd_edpt_open
                0x10002a24      0x114 CMakeFiles/pico_tracker.dir/external/pico-sdk/lib/tinyusb/src/portable/raspberrypi/rp2040/dcd_rp2040.c.o
                0x10002a24                dcd_edpt_open
 .text.dcd_edpt_close_all
                0x10002b38        0x8 CMakeFiles/pico_tracker.dir/external/pico-sdk/lib/tinyusb/src/portable/raspberrypi/rp2040/dcd_rp2040.c.o
                0x10002b38                dcd_edpt_close_all
 .text.dcd_edpt_xfer
                0x10002b40       0x24 CMakeFiles/pico_tracker.dir/external/pico-sdk/lib/tinyusb/src/portable/raspberrypi/rp2040/dcd_rp2040.c.o
                0x10002b40                dcd_edpt_xfer
 .text.dcd_edpt_stall
                0x10002b64       0x3c CMakeFiles/pico_tracker.dir/external/pico-sdk/lib/tinyusb/src/portable/raspberrypi/rp2040/dcd_rp2040.c.o
                0x10002b64                dcd_edpt_stall
 .text.dcd_edpt_clear_stall
                0x10002ba0       0x30 CMakeFiles/pico_tracker.dir/external/pico-sdk/lib/tinyusb/src/portable/raspberrypi/rp2040/dcd_rp2040.c.o
                0x10002ba0                dcd_edpt_clear_stall
 .text.rp2040_usb_init
                0x10002bd0       0x40 CMakeFiles/pico_tracker.dir/external/pico-sdk/lib/tinyusb/src/portable/raspberrypi/rp2040/rp2040_usb.c.o
                0x10002bd0                rp2040_usb_init
 .text.hw_endpoint_xfer_start
                0x10002c10       0x40 CMakeFiles/pico_tracker.dir/external/pico-sdk/lib/tinyusb/src/portable/raspberrypi/rp2040/rp2040_usb.c.o
                0x10002c10                hw_endpoint_xfer_start
 .text.tud_event_hook_cb
                0x10002c50        0x4 CMakeFiles/pico_tracker.dir/external/pico-sdk/lib/tinyusb/src/device/usbd.c.o
                0x10002c50                tud_event_hook_cb
 .text.tud_sof_cb
                0x10002c54        0x4 CMakeFiles/pico_tracker.dir/external/pico-sdk/lib/tinyusb/src/device/usbd.c.o
                0x10002c54                tud_sof_cb
 .text.tud_descriptor_device_qualifier_cb
                0x10002c58        0x4 CMakeFiles/pico_tracker.dir/external/pico-sdk/lib/tinyusb/src/device/usbd.c.o
                0x10002c58                tud_descriptor_device_qualifier_cb
 .text.tud_descriptor_other_speed_configuration_cb
                0x10002c5c        0x4 CMakeFiles/pico_tracker.dir/external/pico-sdk/lib/tinyusb/src/device/usbd.c.o
                0x10002c5c                tud_descriptor_other_speed_configuration_cb
 .text.tud_mount_cb
                0x10002c60        0x4 CMakeFiles/pico_tracker.dir/external/pico-sdk/lib/tinyusb/src/device/usbd.c.o
                0x10002c60                tud_mount_cb
 .text.tud_umount_cb
                0x10002c64        0x4 CMakeFiles/pico_tracker.dir/external/pico-sdk/lib/tinyusb/src/device/usbd.c.o
                0x10002c64                tud_umount_cb
 .text.tud_suspend_cb
                0x10002c68        0x4 CMakeFiles/pico_tracker.dir/external/pico-sdk/lib/tinyusb/src/device/usbd.c.o
                0x10002c68                tud_suspend_cb
 .text.tud_resume_cb
                0x10002c6c        0x4 CMakeFiles/pico_tracker.dir/external/pico-sdk/lib/tinyusb/src/device/usbd.c.o
                0x10002c6c                tud_resume_cb
 .text.tud_mounted
                0x10002c70       0x10 CMakeFiles/pico_tracker.dir/external/pico-sdk/lib/tinyusb/src/device/usbd.c.o
                0x10002c70                tud_mounted
 .text.tud_suspended
                0x10002c80       0x10 CMakeFiles/pico_tracker.dir/external/pico-sdk/lib/tinyusb/src/device/usbd.c.o
                0x10002c80                tud_suspended
 .text.tud_rhport_init
                0x10002c90       0xf4 CMakeFiles/pico_tracker.dir/external/pico-sdk/lib/tinyusb/src/device/usbd.c.o
                0x10002c90                tud_rhport_init
 .text.tud_task_ext
                0x10002d84      0x800 CMakeFiles/pico_tracker.dir/external/pico-sdk/lib/tinyusb/src/device/usbd.c.o
                0x10002d84                tud_task_ext
 .text.usbd_open_edpt_pair
                0x10003584       0x9c CMakeFiles/pico_tracker.dir/external/pico-sdk/lib/tinyusb/src/device/usbd.c.o
                0x10003584                usbd_open_edpt_pair
 .text.usbd_edpt_open
                0x10003620       0x34 CMakeFiles/pico_tracker.dir/external/pico-sdk/lib/tinyusb/src/device/usbd.c.o
                0x10003620                usbd_edpt_open
 .text.usbd_edpt_claim
                0x10003654       0x28 CMakeFiles/pico_tracker.dir/external/pico-sdk/lib/tinyusb/src/device/usbd.c.o
                0x10003654                usbd_edpt_claim
 .text.usbd_edpt_release
                0x1000367c       0x28 CMakeFiles/pico_tracker.dir/external/pico-sdk/lib/tinyusb/src/device/usbd.c.o
                0x1000367c                usbd_edpt_release
 .text.usbd_edpt_xfer
                0x100036a4       0x4c CMakeFiles/pico_tracker.dir/external/pico-sdk/lib/tinyusb/src/device/usbd.c.o
                0x100036a4                usbd_edpt_xfer
 .text.tud_control_status
                0x100036f0       0x2c CMakeFiles/pico_tracker.dir/external/pico-sdk/lib/tinyusb/src/device/usbd_control.c.o
                0x100036f0                tud_control_status
 .text.tud_control_xfer
                0x1000371c       0xa8 CMakeFiles/pico_tracker.dir/external/pico-sdk/lib/tinyusb/src/device/usbd_control.c.o
                0x1000371c                tud_control_xfer
 .text.usbd_control_reset
                0x100037c4       0x14 CMakeFiles/pico_tracker.dir/external/pico-sdk/lib/tinyusb/src/device/usbd_control.c.o
                0x100037c4                usbd_control_reset
 .text.usbd_control_set_complete_callback
                0x100037d8        0xc CMakeFiles/pico_tracker.dir/external/pico-sdk/lib/tinyusb/src/device/usbd_control.c.o
                0x100037d8                usbd_control_set_complete_callback
 .text.usbd_control_set_request
                0x100037e4       0x1c CMakeFiles/pico_tracker.dir/external/pico-sdk/lib/tinyusb/src/device/usbd_control.c.o
                0x100037e4                usbd_control_set_request
 .text.usbd_control_xfer_cb
                0x10003800       0xec CMakeFiles/pico_tracker.dir/external/pico-sdk/lib/tinyusb/src/device/usbd_control.c.o
                0x10003800                usbd_control_xfer_cb
 .text._prep_out_transaction.isra.0
                0x100038ec       0x6c CMakeFiles/pico_tracker.dir/external/pico-sdk/lib/tinyusb/src/class/cdc/cdc_device.c.o
 .text.tud_cdc_n_connected
                0x10003958       0x2c CMakeFiles/pico_tracker.dir/external/pico-sdk/lib/tinyusb/src/class/cdc/cdc_device.c.o
                0x10003958                tud_cdc_n_connected
 .text.tud_cdc_n_available
                0x10003984       0x14 CMakeFiles/pico_tracker.dir/external/pico-sdk/lib/tinyusb/src/class/cdc/cdc_device.c.o
                0x10003984                tud_cdc_n_available
 .text.tud_cdc_n_read
                0x10003998       0x88 CMakeFiles/pico_tracker.dir/external/pico-sdk/lib/tinyusb/src/class/cdc/cdc_device.c.o
                0x10003998                tud_cdc_n_read
 .text.tud_cdc_n_write_flush
                0x10003a20       0x74 CMakeFiles/pico_tracker.dir/external/pico-sdk/lib/tinyusb/src/class/cdc/cdc_device.c.o
                0x10003a20                tud_cdc_n_write_flush
 .text.tud_cdc_n_write
                0x10003a94       0x40 CMakeFiles/pico_tracker.dir/external/pico-sdk/lib/tinyusb/src/class/cdc/cdc_device.c.o
                0x10003a94                tud_cdc_n_write
 .text.tud_cdc_n_write_available
                0x10003ad4       0x14 CMakeFiles/pico_tracker.dir/external/pico-sdk/lib/tinyusb/src/class/cdc/cdc_device.c.o
                0x10003ad4                tud_cdc_n_write_available
 .text.cdcd_init
                0x10003ae8       0x70 CMakeFiles/pico_tracker.dir/external/pico-sdk/lib/tinyusb/src/class/cdc/cdc_device.c.o
                0x10003ae8                cdcd_init
 .text.cdcd_deinit
                0x10003b58       0x30 CMakeFiles/pico_tracker.dir/external/pico-sdk/lib/tinyusb/src/class/cdc/cdc_device.c.o
                0x10003b58                cdcd_deinit
 .text.cdcd_reset
                0x10003b88       0x4c CMakeFiles/pico_tracker.dir/external/pico-sdk/lib/tinyusb/src/class/cdc/cdc_device.c.o
                0x10003b88                cdcd_reset
 .text.cdcd_open
                0x10003bd4       0xa4 CMakeFiles/pico_tracker.dir/external/pico-sdk/lib/tinyusb/src/class/cdc/cdc_device.c.o
                0x10003bd4                cdcd_open
 .text.cdcd_control_xfer_cb
                0x10003c78       0xe8 CMakeFiles/pico_tracker.dir/external/pico-sdk/lib/tinyusb/src/class/cdc/cdc_device.c.o
                0x10003c78                cdcd_control_xfer_cb
 .text.cdcd_xfer_cb
                0x10003d60      0x100 CMakeFiles/pico_tracker.dir/external/pico-sdk/lib/tinyusb/src/class/cdc/cdc_device.c.o
                0x10003d60                cdcd_xfer_cb
 .text.vendord_init
                0x10003e60       0x5c CMakeFiles/pico_tracker.dir/external/pico-sdk/lib/tinyusb/src/class/vendor/vendor_device.c.o
                0x10003e60                vendord_init
 .text.vendord_deinit
                0x10003ebc       0x1c CMakeFiles/pico_tracker.dir/external/pico-sdk/lib/tinyusb/src/class/vendor/vendor_device.c.o
                0x10003ebc                vendord_deinit
 .text.vendord_reset
                0x10003ed8       0x28 CMakeFiles/pico_tracker.dir/external/pico-sdk/lib/tinyusb/src/class/vendor/vendor_device.c.o
                0x10003ed8                vendord_reset
 .text.vendord_open
                0x10003f00      0x120 CMakeFiles/pico_tracker.dir/external/pico-sdk/lib/tinyusb/src/class/vendor/vendor_device.c.o
                0x10003f00                vendord_open
 .text.vendord_xfer_cb
                0x10004020       0x9c CMakeFiles/pico_tracker.dir/external/pico-sdk/lib/tinyusb/src/class/vendor/vendor_device.c.o
                0x10004020                vendord_xfer_cb
 .text.tusb_rhport_init
                0x100040bc       0x4c CMakeFiles/pico_tracker.dir/external/pico-sdk/lib/tinyusb/src/tusb.c.o
                0x100040bc                tusb_rhport_init
 .text.tu_edpt_claim
                0x10004108       0x50 CMakeFiles/pico_tracker.dir/external/pico-sdk/lib/tinyusb/src/tusb.c.o
                0x10004108                tu_edpt_claim
 .text.tu_edpt_release
                0x10004158       0x38 CMakeFiles/pico_tracker.dir/external/pico-sdk/lib/tinyusb/src/tusb.c.o
                0x10004158                tu_edpt_release
 .text.tu_edpt_validate
                0x10004190       0x7c CMakeFiles/pico_tracker.dir/external/pico-sdk/lib/tinyusb/src/tusb.c.o
                0x10004190                tu_edpt_validate
 .text.tu_edpt_bind_driver
                0x1000420c       0x34 CMakeFiles/pico_tracker.dir/external/pico-sdk/lib/tinyusb/src/tusb.c.o
                0x1000420c                tu_edpt_bind_driver
 .text.tu_edpt_stream_init
                0x10004240       0x6c CMakeFiles/pico_tracker.dir/external/pico-sdk/lib/tinyusb/src/tusb.c.o
                0x10004240                tu_edpt_stream_init
 .text.tu_edpt_stream_deinit
                0x100042ac        0x4 CMakeFiles/pico_tracker.dir/external/pico-sdk/lib/tinyusb/src/tusb.c.o
                0x100042ac                tu_edpt_stream_deinit
 .text.tu_edpt_stream_write_zlp_if_needed
                0x100042b0       0x68 CMakeFiles/pico_tracker.dir/external/pico-sdk/lib/tinyusb/src/tusb.c.o
                0x100042b0                tu_edpt_stream_write_zlp_if_needed
 .text.tu_edpt_stream_write_xfer
                0x10004318       0x68 CMakeFiles/pico_tracker.dir/external/pico-sdk/lib/tinyusb/src/tusb.c.o
                0x10004318                tu_edpt_stream_write_xfer
 .text.tu_edpt_stream_read_xfer
                0x10004380       0xd8 CMakeFiles/pico_tracker.dir/external/pico-sdk/lib/tinyusb/src/tusb.c.o
                0x10004380                tu_edpt_stream_read_xfer
 .text.tu_fifo_config
                0x10004458       0x6c CMakeFiles/pico_tracker.dir/external/pico-sdk/lib/tinyusb/src/common/tusb_fifo.c.o
                0x10004458                tu_fifo_config
 .text.tu_fifo_count
                0x100044c4       0x2c CMakeFiles/pico_tracker.dir/external/pico-sdk/lib/tinyusb/src/common/tusb_fifo.c.o
                0x100044c4                tu_fifo_count
 .text.tu_fifo_empty
                0x100044f0       0x10 CMakeFiles/pico_tracker.dir/external/pico-sdk/lib/tinyusb/src/common/tusb_fifo.c.o
                0x100044f0                tu_fifo_empty
 .text.tu_fifo_remaining
                0x10004500       0x2c CMakeFiles/pico_tracker.dir/external/pico-sdk/lib/tinyusb/src/common/tusb_fifo.c.o
                0x10004500                tu_fifo_remaining
 .text.tu_fifo_read
                0x1000452c       0x9c CMakeFiles/pico_tracker.dir/external/pico-sdk/lib/tinyusb/src/common/tusb_fifo.c.o
                0x1000452c                tu_fifo_read
 .text.tu_fifo_read_n
                0x100045c8       0xe8 CMakeFiles/pico_tracker.dir/external/pico-sdk/lib/tinyusb/src/common/tusb_fifo.c.o
                0x100045c8                tu_fifo_read_n
 .text.tu_fifo_write
                0x100046b0       0xa4 CMakeFiles/pico_tracker.dir/external/pico-sdk/lib/tinyusb/src/common/tusb_fifo.c.o
                0x100046b0                tu_fifo_write
 .text.tu_fifo_write_n
                0x10004754      0x178 CMakeFiles/pico_tracker.dir/external/pico-sdk/lib/tinyusb/src/common/tusb_fifo.c.o
                0x10004754                tu_fifo_write_n
 .text.tu_fifo_clear
                0x100048cc       0x40 CMakeFiles/pico_tracker.dir/external/pico-sdk/lib/tinyusb/src/common/tusb_fifo.c.o
                0x100048cc                tu_fifo_clear
 .text.tu_fifo_set_overwritable
                0x1000490c       0x48 CMakeFiles/pico_tracker.dir/external/pico-sdk/lib/tinyusb/src/common/tusb_fifo.c.o
                0x1000490c                tu_fifo_set_overwritable
 .text.i2c_read_blocking_internal.constprop.0
                0x10004954       0x98 CMakeFiles/pico_tracker.dir/external/pico-sdk/src/rp2_common/hardware_i2c/i2c.c.o
 .text.i2c_write_blocking_internal.constprop.0
                0x100049ec       0xf8 CMakeFiles/pico_tracker.dir/external/pico-sdk/src/rp2_common/hardware_i2c/i2c.c.o
 .text.i2c_set_baudrate
                0x10004ae4       0xc0 CMakeFiles/pico_tracker.dir/external/pico-sdk/src/rp2_common/hardware_i2c/i2c.c.o
                0x10004ae4                i2c_set_baudrate
 .text.i2c_init
                0x10004ba4       0x50 CMakeFiles/pico_tracker.dir/external/pico-sdk/src/rp2_common/hardware_i2c/i2c.c.o
                0x10004ba4                i2c_init
 .text.i2c_write_blocking
                0x10004bf4       0x14 CMakeFiles/pico_tracker.dir/external/pico-sdk/src/rp2_common/hardware_i2c/i2c.c.o
                0x10004bf4                i2c_write_blocking
 .text.i2c_read_blocking
                0x10004c08       0x14 CMakeFiles/pico_tracker.dir/external/pico-sdk/src/rp2_common/hardware_i2c/i2c.c.o
                0x10004c08                i2c_read_blocking
 .text._ZN8gps_pico17isNMEAHeaderValidEv.part.0
                0x10004c1c      0x110 gps/libgps.a(gps_pico.cpp.o)
 .text._ZN8gps_pico16processUBXpacketEP9ubxPacket.part.0
                0x10004d2c      0x2a4 gps/libgps.a(gps_pico.cpp.o)
 .text._ZN8gps_picoC2Ev
                0x10004fd0      0x1c8 gps/libgps.a(gps_pico.cpp.o)
                0x10004fd0                gps_pico::gps_pico()
                0x10004fd0                gps_pico::gps_pico()
 .text._ZN8gps_pico10processUBXEhP9ubxPackethh
                0x10005198      0x198 gps/libgps.a(gps_pico.cpp.o)
                0x10005198                gps_pico::processUBX(unsigned char, ubxPacket*, unsigned char, unsigned char)
 .text._ZN8gps_pico13checkUbloxI2CEP9ubxPackethh
                0x10005330      0x948 gps/libgps.a(gps_pico.cpp.o)
                0x10005330                gps_pico::checkUbloxI2C(ubxPacket*, unsigned char, unsigned char)
 .text._ZN8gps_pico14sendI2cCommandEP9ubxPacket
                0x10005c78      0x1d4 gps/libgps.a(gps_pico.cpp.o)
                0x10005c78                gps_pico::sendI2cCommand(ubxPacket*)
 .text._ZN8gps_pico18waitForACKResponseEP9ubxPackethht
                0x10005e4c      0x178 gps/libgps.a(gps_pico.cpp.o)
                0x10005e4c                gps_pico::waitForACKResponse(ubxPacket*, unsigned char, unsigned char, unsigned short)
 .text._ZN8gps_pico20waitForNoACKResponseEP9ubxPackethht
                0x10005fc4      0x138 gps/libgps.a(gps_pico.cpp.o)
                0x10005fc4                gps_pico::waitForNoACKResponse(ubxPacket*, unsigned char, unsigned char, unsigned short)
 .text._ZN8gps_pico11sendCommandEP9ubxPackettb
                0x100060fc       0xd4 gps/libgps.a(gps_pico.cpp.o)
                0x100060fc                gps_pico::sendCommand(ubxPacket*, unsigned short, bool)
 .text._ZN8gps_pico4initEtb
                0x100061d0      0x254 gps/libgps.a(gps_pico.cpp.o)
                0x100061d0                gps_pico::init(unsigned short, bool)
 .text._ZN3i2c6i2cbusC2Ev
                0x10006424        0x8 lib/libi2cbus.a(i2c_bus.cpp.o)
                0x10006424                i2c::i2cbus::i2cbus()
                0x10006424                i2c::i2cbus::i2cbus()
 .text._ZN3i2c6i2cbus4initEhP8i2c_inst
                0x1000642c        0x8 lib/libi2cbus.a(i2c_bus.cpp.o)
                0x1000642c                i2c::i2cbus::init(unsigned char, i2c_inst*)
 .text._ZN3i2c6i2cbus4pingEv
                0x10006434       0x24 lib/libi2cbus.a(i2c_bus.cpp.o)
                0x10006434                i2c::i2cbus::ping()
 .text._ZN3i2c6i2cbus9availableEv
                0x10006458       0x48 lib/libi2cbus.a(i2c_bus.cpp.o)
                0x10006458                i2c::i2cbus::available()
 .text._ZN3i2c6i2cbus10writeBytesEPhh
                0x100064a0       0x30 lib/libi2cbus.a(i2c_bus.cpp.o)
                0x100064a0                i2c::i2cbus::writeBytes(unsigned char*, unsigned char)
 .text._ZN3i2c6i2cbus9readBytesEPhh
                0x100064d0       0x30 lib/libi2cbus.a(i2c_bus.cpp.o)
                0x100064d0                i2c::i2cbus::readBytes(unsigned char*, unsigned char)
 .text.malloc   0x10006500       0x14 /Applications/ArmGNUToolchain/14.2.rel1/arm-none-eabi/bin/../lib/gcc/arm-none-eabi/14.2.1/../../../../arm-none-eabi/lib/thumb/v6-m/nofp/libg.a(libc_a-malloc.o)
                0x10006500                malloc
 .text.free     0x10006514       0x14 /Applications/ArmGNUToolchain/14.2.rel1/arm-none-eabi/bin/../lib/gcc/arm-none-eabi/14.2.1/../../../../arm-none-eabi/lib/thumb/v6-m/nofp/libg.a(libc_a-malloc.o)
                0x10006514                free
 .text._malloc_r
                0x10006528      0x5cc /Applications/ArmGNUToolchain/14.2.rel1/arm-none-eabi/bin/../lib/gcc/arm-none-eabi/14.2.1/../../../../arm-none-eabi/lib/thumb/v6-m/nofp/libg.a(libc_a-mallocr.o)
                0x10006528                _malloc_r
 .text.__malloc_lock
                0x10006af4       0x10 /Applications/ArmGNUToolchain/14.2.rel1/arm-none-eabi/bin/../lib/gcc/arm-none-eabi/14.2.1/../../../../arm-none-eabi/lib/thumb/v6-m/nofp/libg.a(libc_a-mlock.o)
                0x10006af4                __malloc_lock
 .text.__malloc_unlock
                0x10006b04       0x10 /Applications/ArmGNUToolchain/14.2.rel1/arm-none-eabi/bin/../lib/gcc/arm-none-eabi/14.2.1/../../../../arm-none-eabi/lib/thumb/v6-m/nofp/libg.a(libc_a-mlock.o)
                0x10006b04                __malloc_unlock
 .text._sbrk_r  0x10006b14       0x24 /Applications/ArmGNUToolchain/14.2.rel1/arm-none-eabi/bin/../lib/gcc/arm-none-eabi/14.2.1/../../../../arm-none-eabi/lib/thumb/v6-m/nofp/libg.a(libc_a-sbrkr.o)
                0x10006b14                _sbrk_r
 .text.__errno  0x10006b38        0xc /Applications/ArmGNUToolchain/14.2.rel1/arm-none-eabi/bin/../lib/gcc/arm-none-eabi/14.2.1/../../../../arm-none-eabi/lib/thumb/v6-m/nofp/libg.a(libc_a-errno.o)
                0x10006b38                __errno
 .text.sysconf  0x10006b44       0x1c /Applications/ArmGNUToolchain/14.2.rel1/arm-none-eabi/bin/../lib/gcc/arm-none-eabi/14.2.1/../../../../arm-none-eabi/lib/thumb/v6-m/nofp/libg.a(libc_a-sysconf.o)
                0x10006b44                sysconf
 .text.__retarget_lock_acquire_recursive
                0x10006b60        0x4 /Applications/ArmGNUToolchain/14.2.rel1/arm-none-eabi/bin/../lib/gcc/arm-none-eabi/14.2.1/../../../../arm-none-eabi/lib/thumb/v6-m/nofp/libg.a(libc_a-lock.o)
                0x10006b60                __retarget_lock_acquire_recursive
 .text.__retarget_lock_release_recursive
                0x10006b64        0x4 /Applications/ArmGNUToolchain/14.2.rel1/arm-none-eabi/bin/../lib/gcc/arm-none-eabi/14.2.1/../../../../arm-none-eabi/lib/thumb/v6-m/nofp/libg.a(libc_a-lock.o)
                0x10006b64                __retarget_lock_release_recursive
 .text.strlen   0x10006b68       0x5c /Applications/ArmGNUToolchain/14.2.rel1/arm-none-eabi/bin/../lib/gcc/arm-none-eabi/14.2.1/../../../../arm-none-eabi/lib/thumb/v6-m/nofp/libg.a(libc_a-strlen-stub.o)
                0x10006b68                strlen
 .text._malloc_trim_r
                0x10006bc4       0xb4 /Applications/ArmGNUToolchain/14.2.rel1/arm-none-eabi/bin/../lib/gcc/arm-none-eabi/14.2.1/../../../../arm-none-eabi/lib/thumb/v6-m/nofp/libg.a(libc_a-freer.o)
                0x10006bc4                _malloc_trim_r
 .text._free_r  0x10006c78      0x1f0 /Applications/ArmGNUToolchain/14.2.rel1/arm-none-eabi/bin/../lib/gcc/arm-none-eabi/14.2.1/../../../../arm-none-eabi/lib/thumb/v6-m/nofp/libg.a(libc_a-freer.o)
                0x10006c78                _free_r
 *(.fini)
 .fini          0x10006e68        0x4 /Applications/ArmGNUToolchain/14.2.rel1/arm-none-eabi/bin/../lib/gcc/arm-none-eabi/14.2.1/thumb/v6-m/nofp/crti.o
                0x10006e68                _fini
 *fill*         0x10006e6c        0x4 
 .fini.__stub   0x10006e70       0xc0 linker stubs
 *crtbegin.o(.ctors)
 *crtbegin?.o(.ctors)
 *(EXCLUDE_FILE(*crtend.o *crtend?.o) .ctors)
 *(SORT_BY_NAME(.ctors.*))
 *(.ctors)
 *crtbegin.o(.dtors)
 *crtbegin?.o(.dtors)
 *(EXCLUDE_FILE(*crtend.o *crtend?.o) .dtors)
 *(SORT_BY_NAME(.dtors.*))
 *(.dtors)
                0x10006f30                        . = ALIGN (0x4)
                0x10006f30                        PROVIDE (__preinit_array_start = .)
 *(SORT_BY_NAME(.preinit_array.*))
 .preinit_array.00100
                0x10006f30        0x4 CMakeFiles/pico_tracker.dir/external/pico-sdk/src/rp2_common/pico_runtime_init/runtime_init.c.o
                0x10006f30                __pre_init_runtime_init_early_resets
 .preinit_array.00101
                0x10006f34        0x4 CMakeFiles/pico_tracker.dir/external/pico-sdk/src/rp2_common/pico_runtime_init/runtime_init.c.o
                0x10006f34                __pre_init_runtime_init_usb_power_down
 .preinit_array.00275
                0x10006f38        0x4 CMakeFiles/pico_tracker.dir/external/pico-sdk/src/rp2_common/pico_bit_ops/bit_ops_aeabi.S.o
 .preinit_array.00300
                0x10006f3c        0x4 CMakeFiles/pico_tracker.dir/external/pico-sdk/src/rp2_common/pico_mem_ops/mem_ops_aeabi.S.o
 .preinit_array.00350
                0x10006f40        0x4 CMakeFiles/pico_tracker.dir/external/pico-sdk/src/rp2_common/pico_double/double_aeabi_rp2040.S.o
 .preinit_array.00350
                0x10006f44        0x4 CMakeFiles/pico_tracker.dir/external/pico-sdk/src/rp2_common/pico_float/float_aeabi_rp2040.S.o
 .preinit_array.00500
                0x10006f48        0x4 CMakeFiles/pico_tracker.dir/external/pico-sdk/src/rp2_common/pico_runtime_init/runtime_init.c.o
                0x10006f48                __pre_init_runtime_init_clocks
 .preinit_array.00600
                0x10006f4c        0x4 CMakeFiles/pico_tracker.dir/external/pico-sdk/src/rp2_common/pico_runtime_init/runtime_init.c.o
                0x10006f4c                __pre_init_runtime_init_post_clock_resets
 .preinit_array.00700
                0x10006f50        0x4 CMakeFiles/pico_tracker.dir/external/pico-sdk/src/rp2_common/pico_runtime_init/runtime_init.c.o
                0x10006f50                __pre_init_runtime_init_rp2040_gpio_ie_disable
 .preinit_array.01000
                0x10006f54        0x4 CMakeFiles/pico_tracker.dir/external/pico-sdk/src/rp2_common/pico_runtime_init/runtime_init.c.o
                0x10006f54                __pre_init_runtime_init_spin_locks_reset
 .preinit_array.01100
                0x10006f58        0x4 CMakeFiles/pico_tracker.dir/external/pico-sdk/src/common/pico_sync/mutex.c.o
                0x10006f58                __pre_init_runtime_init_mutex
 .preinit_array.10080
                0x10006f5c        0x4 CMakeFiles/pico_tracker.dir/external/pico-sdk/src/rp2_common/pico_runtime_init/runtime_init.c.o
                0x10006f5c                __pre_init_runtime_init_install_ram_vector_table
 .preinit_array.11000
                0x10006f60        0x4 CMakeFiles/pico_tracker.dir/external/pico-sdk/src/common/pico_time/time.c.o
                0x10006f60                __pre_init_runtime_init_default_alarm_pool
 .preinit_array.YYYYY
                0x10006f64        0x4 CMakeFiles/pico_tracker.dir/external/pico-sdk/src/rp2_common/pico_runtime/runtime.c.o
                0x10006f64                __pre_init_first_per_core_initializer
 .preinit_array.ZZZZZ.01200
                0x10006f68        0x4 CMakeFiles/pico_tracker.dir/external/pico-sdk/src/rp2_common/hardware_irq/irq.c.o
                0x10006f68                __pre_init_runtime_init_per_core_irq_priorities
 *(.preinit_array)
                0x10006f6c                        PROVIDE (__preinit_array_end = .)
                0x10006f6c                        . = ALIGN (0x4)
                0x10006f6c                        PROVIDE (__init_array_start = .)
 *(SORT_BY_NAME(.init_array.*))
 *(.init_array)
 .init_array    0x10006f6c        0x4 /Applications/ArmGNUToolchain/14.2.rel1/arm-none-eabi/bin/../lib/gcc/arm-none-eabi/14.2.1/thumb/v6-m/nofp/crtbegin.o
 .init_array    0x10006f70        0x4 CMakeFiles/pico_tracker.dir/main.cpp.o
 .init_array    0x10006f74        0x4 CMakeFiles/pico_tracker.dir/external/pico-sdk/src/rp2_common/pico_unique_id/unique_id.c.o
                0x10006f78                        PROVIDE (__init_array_end = .)
                0x10006f78                        . = ALIGN (0x4)
                [!provide]                        PROVIDE (__fini_array_start = .)
 *(SORT_BY_NAME(.fini_array.*))
 *(.fini_array)
                [!provide]                        PROVIDE (__fini_array_end = .)
 *(.eh_frame*)
 .eh_frame      0x10006f78        0x0 /Applications/ArmGNUToolchain/14.2.rel1/arm-none-eabi/bin/../lib/gcc/arm-none-eabi/14.2.1/thumb/v6-m/nofp/crtbegin.o
                0x10006f78                        . = ALIGN (0x4)

.glue_7         0x10006f78        0x0
 .glue_7        0x10006f78        0x0 linker stubs

.glue_7t        0x10006f78        0x0
 .glue_7t       0x10006f78        0x0 linker stubs

.vfp11_veneer   0x10006f78        0x0
 .vfp11_veneer  0x10006f78        0x0 linker stubs

.v4_bx          0x10006f78        0x0
 .v4_bx         0x10006f78        0x0 linker stubs

.iplt           0x10006f78        0x0
 .iplt          0x10006f78        0x0 /Applications/ArmGNUToolchain/14.2.rel1/arm-none-eabi/bin/../lib/gcc/arm-none-eabi/14.2.1/thumb/v6-m/nofp/crtbegin.o

.rodata         0x10006f78      0x508
 *(EXCLUDE_FILE(*libm.a: *libc.a:*lib_a-mem*.o *libgcc.a:) .rodata*)
 .rodata._Z5setupv.str1.4
                0x10006f78      0x1e0 CMakeFiles/pico_tracker.dir/main.cpp.o
                                 0x3f (size before relaxing)
 .rodata.main.str1.4
                0x10007158        0xd CMakeFiles/pico_tracker.dir/main.cpp.o
 .rodata._ZTV3GPS
                0x10007158       0x18 CMakeFiles/pico_tracker.dir/main.cpp.o
                0x10007158                vtable for GPS
 .rodata.panic.str1.4
                0x10007170       0x12 CMakeFiles/pico_tracker.dir/external/pico-sdk/src/rp2_common/pico_platform_panic/panic.c.o
 .rodata.spin_lock_claim_unused.str1.4
                0x10007170       0x1b CMakeFiles/pico_tracker.dir/external/pico-sdk/src/rp2_common/hardware_sync/sync.c.o
 .rodata.user_irq_claim_unused.str1.4
                0x10007170       0x1b CMakeFiles/pico_tracker.dir/external/pico-sdk/src/rp2_common/hardware_irq/irq.c.o
 .rodata.timer_hardware_alarm_claim.str1.4
                0x10007170       0x22 CMakeFiles/pico_tracker.dir/external/pico-sdk/src/rp2_common/hardware_timer/timer.c.o
 .rodata.hard_assertion_failure.str1.4
                0x10007170        0xc CMakeFiles/pico_tracker.dir/external/pico-sdk/src/rp2_common/pico_runtime/runtime.c.o
 .rodata.missing_double_func_shim.str1.4
                0x10007170       0x18 CMakeFiles/pico_tracker.dir/external/pico-sdk/src/rp2_common/pico_double/double_init_rom_rp2040.c.o
 .rodata.missing_float_func_shim.str1.4
                0x10007170        0x1 CMakeFiles/pico_tracker.dir/external/pico-sdk/src/rp2_common/pico_float/float_init_rom_rp2040.c.o
 .rodata.__wrap_malloc.str1.4
                0x10007170        0xe CMakeFiles/pico_tracker.dir/external/pico-sdk/src/rp2_common/pico_malloc/malloc.c.o
 .rodata.str1.4
                0x10007170       0x50 CMakeFiles/pico_tracker.dir/external/pico-sdk/src/rp2_common/pico_standard_binary_info/standard_binary_info.c.o
 .rodata.__bi_84
                0x10007170        0xc CMakeFiles/pico_tracker.dir/external/pico-sdk/src/rp2_common/pico_standard_binary_info/standard_binary_info.c.o
 .rodata.__bi_78
                0x1000717c        0xc CMakeFiles/pico_tracker.dir/external/pico-sdk/src/rp2_common/pico_standard_binary_info/standard_binary_info.c.o
 .rodata.__bi_54
                0x10007188        0xc CMakeFiles/pico_tracker.dir/external/pico-sdk/src/rp2_common/pico_standard_binary_info/standard_binary_info.c.o
 .rodata.__bi_48
                0x10007194        0xc CMakeFiles/pico_tracker.dir/external/pico-sdk/src/rp2_common/pico_standard_binary_info/standard_binary_info.c.o
 .rodata.__bi_42
                0x100071a0        0xc CMakeFiles/pico_tracker.dir/external/pico-sdk/src/rp2_common/pico_standard_binary_info/standard_binary_info.c.o
 .rodata.__bi_34
                0x100071ac        0xc CMakeFiles/pico_tracker.dir/external/pico-sdk/src/rp2_common/pico_standard_binary_info/standard_binary_info.c.o
 .rodata.__bi_26
                0x100071b8        0xc CMakeFiles/pico_tracker.dir/external/pico-sdk/src/rp2_common/pico_standard_binary_info/standard_binary_info.c.o
 .rodata.crlf_str.0
                0x100071c4        0x2 CMakeFiles/pico_tracker.dir/external/pico-sdk/src/rp2_common/pico_stdio/stdio.c.o
 *fill*         0x100071c6        0x2 
 .rodata._resetd_driver
                0x100071c8       0x20 CMakeFiles/pico_tracker.dir/external/pico-sdk/src/rp2_common/pico_stdio_usb/reset_interface.c.o
 .rodata.desc_ms_os_20
                0x100071e8       0xa6 CMakeFiles/pico_tracker.dir/external/pico-sdk/src/rp2_common/pico_stdio_usb/reset_interface.c.o
 *fill*         0x1000728e        0x2 
 .rodata.desc_bos
                0x10007290       0x21 CMakeFiles/pico_tracker.dir/external/pico-sdk/src/rp2_common/pico_stdio_usb/reset_interface.c.o
                0x10007290                desc_bos
 .rodata.str1.4
                0x100072b1       0x13 CMakeFiles/pico_tracker.dir/external/pico-sdk/src/rp2_common/pico_stdio_usb/stdio_usb.c.o
 *fill*         0x100072b1        0x3 
 .rodata.__bi_197.0
                0x100072b4        0xc CMakeFiles/pico_tracker.dir/external/pico-sdk/src/rp2_common/pico_stdio_usb/stdio_usb.c.o
 .rodata.str1.4
                0x100072c0       0x2a CMakeFiles/pico_tracker.dir/external/pico-sdk/src/rp2_common/pico_stdio_usb/stdio_usb_descriptors.c.o
 .rodata.usbd_desc_str
                0x100072c0       0x18 CMakeFiles/pico_tracker.dir/external/pico-sdk/src/rp2_common/pico_stdio_usb/stdio_usb_descriptors.c.o
 .rodata.usbd_desc_cfg
                0x100072d8       0x54 CMakeFiles/pico_tracker.dir/external/pico-sdk/src/rp2_common/pico_stdio_usb/stdio_usb_descriptors.c.o
 .rodata.usbd_desc_device
                0x1000732c       0x12 CMakeFiles/pico_tracker.dir/external/pico-sdk/src/rp2_common/pico_stdio_usb/stdio_usb_descriptors.c.o
 .rodata.str1.4
                0x1000733e       0x14 CMakeFiles/pico_tracker.dir/external/pico-sdk/lib/tinyusb/src/portable/raspberrypi/rp2040/dcd_rp2040.c.o
 .rodata.str1.4
                0x1000733e       0x48 CMakeFiles/pico_tracker.dir/external/pico-sdk/lib/tinyusb/src/portable/raspberrypi/rp2040/rp2040_usb.c.o
 *fill*         0x1000733e        0x2 
 .rodata.tud_task_ext
                0x10007340       0x8c CMakeFiles/pico_tracker.dir/external/pico-sdk/lib/tinyusb/src/device/usbd.c.o
 .rodata        0x100073cc       0x1c CMakeFiles/pico_tracker.dir/external/pico-sdk/lib/tinyusb/src/device/usbd.c.o
 .rodata._usbd_driver
                0x100073e8       0x40 CMakeFiles/pico_tracker.dir/external/pico-sdk/lib/tinyusb/src/device/usbd.c.o
 .rodata._ZN8gps_pico13checkUbloxI2CEP9ubxPackethh
                0x10007428       0x40 gps/libgps.a(gps_pico.cpp.o)
 .rodata._ZTV8gps_pico
                0x10007468       0x18 gps/libgps.a(gps_pico.cpp.o)
                0x10007468                vtable for gps_pico
                0x10007480                        . = ALIGN (0x4)
 *(SORT_BY_ALIGNMENT(SORT_BY_NAME(.flashdata*)))
                0x10007480                        . = ALIGN (0x4)

.ARM.extab
 *(.ARM.extab* .gnu.linkonce.armextab.*)
                0x10007480                        __exidx_start = .

.ARM.exidx
 *(.ARM.exidx* .gnu.linkonce.armexidx.*)
                0x10007480                        __exidx_end = .
                0x10007480                        . = ALIGN (0x4)
                0x10007480                        __binary_info_start = .

.binary_info    0x10007480       0x20
 *(.binary_info.keep.*)
 .binary_info.keep.__bi_ptr84
                0x10007480        0x4 CMakeFiles/pico_tracker.dir/external/pico-sdk/src/rp2_common/pico_standard_binary_info/standard_binary_info.c.o
 .binary_info.keep.__bi_ptr78
                0x10007484        0x4 CMakeFiles/pico_tracker.dir/external/pico-sdk/src/rp2_common/pico_standard_binary_info/standard_binary_info.c.o
 .binary_info.keep.__bi_ptr54
                0x10007488        0x4 CMakeFiles/pico_tracker.dir/external/pico-sdk/src/rp2_common/pico_standard_binary_info/standard_binary_info.c.o
 .binary_info.keep.__bi_ptr48
                0x1000748c        0x4 CMakeFiles/pico_tracker.dir/external/pico-sdk/src/rp2_common/pico_standard_binary_info/standard_binary_info.c.o
 .binary_info.keep.__bi_ptr42
                0x10007490        0x4 CMakeFiles/pico_tracker.dir/external/pico-sdk/src/rp2_common/pico_standard_binary_info/standard_binary_info.c.o
 .binary_info.keep.__bi_ptr34
                0x10007494        0x4 CMakeFiles/pico_tracker.dir/external/pico-sdk/src/rp2_common/pico_standard_binary_info/standard_binary_info.c.o
 .binary_info.keep.__bi_ptr26
                0x10007498        0x4 CMakeFiles/pico_tracker.dir/external/pico-sdk/src/rp2_common/pico_standard_binary_info/standard_binary_info.c.o
 *(.binary_info.*)
 .binary_info.__bi_ptr197
                0x1000749c        0x4 CMakeFiles/pico_tracker.dir/external/pico-sdk/src/rp2_common/pico_stdio_usb/stdio_usb.c.o
                0x100074a0                        __binary_info_end = .

.rel.dyn        0x100074a0        0x0
 .rel.iplt      0x100074a0        0x0 /Applications/ArmGNUToolchain/14.2.rel1/arm-none-eabi/bin/../lib/gcc/arm-none-eabi/14.2.1/thumb/v6-m/nofp/crtbegin.o
                0x100074a0                        . = ALIGN (0x4)

.ram_vector_table
                0x20000000       0xc0
 *(.ram_vector_table)
 .ram_vector_table
                0x20000000       0xc0 CMakeFiles/pico_tracker.dir/external/pico-sdk/src/rp2_common/pico_runtime_init/runtime_init.c.o
                0x20000000                ram_vector_table

.uninitialized_data
                0x200000c0        0x0
                0x200000c0                        . = ALIGN (0x4)
 *(.uninitialized_data*)

.data           0x200000c0     0x1500 load address 0x100074a0
                0x200000c0                        __data_start__ = .
 *(vtable)
 *(.time_critical*)
 .time_critical.mutex_try_enter
                0x200000c0       0x40 CMakeFiles/pico_tracker.dir/external/pico-sdk/src/common/pico_sync/mutex.c.o
                0x200000c0                mutex_try_enter
 .time_critical.mutex_try_enter_block_until
                0x20000100       0x98 CMakeFiles/pico_tracker.dir/external/pico-sdk/src/common/pico_sync/mutex.c.o
                0x20000100                mutex_try_enter_block_until
 .time_critical.mutex_enter_timeout_ms
                0x20000198       0x8c CMakeFiles/pico_tracker.dir/external/pico-sdk/src/common/pico_sync/mutex.c.o
                0x20000198                mutex_enter_timeout_ms
 .time_critical.mutex_exit
                0x20000224       0x28 CMakeFiles/pico_tracker.dir/external/pico-sdk/src/common/pico_sync/mutex.c.o
                0x20000224                mutex_exit
 .time_critical.flash_init_boot2_copyout
                0x2000024c       0x30 CMakeFiles/pico_tracker.dir/external/pico-sdk/src/rp2_common/hardware_flash/flash.c.o
 .time_critical.flash_enable_xip_via_boot2
                0x2000027c        0xc CMakeFiles/pico_tracker.dir/external/pico-sdk/src/rp2_common/hardware_flash/flash.c.o
 .time_critical.flash_cs_force
                0x20000288       0x38 CMakeFiles/pico_tracker.dir/external/pico-sdk/src/rp2_common/hardware_flash/flash.c.o
 .time_critical.flash_do_cmd
                0x200002c0      0x130 CMakeFiles/pico_tracker.dir/external/pico-sdk/src/rp2_common/hardware_flash/flash.c.o
                0x200002c0                flash_do_cmd
 .time_critical.reset_non_control_endpoints
                0x200003f0       0x68 CMakeFiles/pico_tracker.dir/external/pico-sdk/lib/tinyusb/src/portable/raspberrypi/rp2040/dcd_rp2040.c.o
 .time_critical.hw_handle_buff_status
                0x20000458       0xa0 CMakeFiles/pico_tracker.dir/external/pico-sdk/lib/tinyusb/src/portable/raspberrypi/rp2040/dcd_rp2040.c.o
 .time_critical.dcd_rp2040_irq
                0x200004f8      0x548 CMakeFiles/pico_tracker.dir/external/pico-sdk/lib/tinyusb/src/portable/raspberrypi/rp2040/dcd_rp2040.c.o
 .time_critical.prepare_ep_buffer
                0x20000a40       0xc8 CMakeFiles/pico_tracker.dir/external/pico-sdk/lib/tinyusb/src/portable/raspberrypi/rp2040/rp2040_usb.c.o
 .time_critical.sync_ep_buffer
                0x20000b08       0x9c CMakeFiles/pico_tracker.dir/external/pico-sdk/lib/tinyusb/src/portable/raspberrypi/rp2040/rp2040_usb.c.o
 .time_critical._hw_endpoint_xfer_sync
                0x20000ba4       0x28 CMakeFiles/pico_tracker.dir/external/pico-sdk/lib/tinyusb/src/portable/raspberrypi/rp2040/rp2040_usb.c.o
 .time_critical.e15_is_bulkin_ep
                0x20000bcc       0x28 CMakeFiles/pico_tracker.dir/external/pico-sdk/lib/tinyusb/src/portable/raspberrypi/rp2040/rp2040_usb.c.o
 .time_critical.e15_is_critical_frame_period
                0x20000bf4       0x34 CMakeFiles/pico_tracker.dir/external/pico-sdk/lib/tinyusb/src/portable/raspberrypi/rp2040/rp2040_usb.c.o
 .time_critical.hw_endpoint_reset_transfer
                0x20000c28        0xc CMakeFiles/pico_tracker.dir/external/pico-sdk/lib/tinyusb/src/portable/raspberrypi/rp2040/rp2040_usb.c.o
                0x20000c28                hw_endpoint_reset_transfer
 .time_critical._hw_endpoint_buffer_control_update32
                0x20000c34       0x50 CMakeFiles/pico_tracker.dir/external/pico-sdk/lib/tinyusb/src/portable/raspberrypi/rp2040/rp2040_usb.c.o
                0x20000c34                _hw_endpoint_buffer_control_update32
 .time_critical.hw_endpoint_start_next_buffer
                0x20000c84       0x68 CMakeFiles/pico_tracker.dir/external/pico-sdk/lib/tinyusb/src/portable/raspberrypi/rp2040/rp2040_usb.c.o
                0x20000c84                hw_endpoint_start_next_buffer
 .time_critical.hw_endpoint_xfer_continue
                0x20000cec       0x40 CMakeFiles/pico_tracker.dir/external/pico-sdk/lib/tinyusb/src/portable/raspberrypi/rp2040/rp2040_usb.c.o
                0x20000cec                hw_endpoint_xfer_continue
 .time_critical.tinyusb
                0x20000d2c      0x1e4 CMakeFiles/pico_tracker.dir/external/pico-sdk/lib/tinyusb/src/device/usbd.c.o
                0x20000d2c                dcd_event_handler
 *(.text*)
 .text          0x20000f10        0x4 /Applications/ArmGNUToolchain/14.2.rel1/arm-none-eabi/bin/../lib/gcc/arm-none-eabi/14.2.1/thumb/v6-m/nofp/libgcc.a(_dvmd_tls.o)
                0x20000f10                __aeabi_ldiv0
                0x20000f10                __aeabi_idiv0
 *fill*         0x20000f14        0x4 
 .text.__stub   0x20000f18       0x80 linker stubs
                0x20000f98                        . = ALIGN (0x4)
 *(.rodata*)
                0x20000f98                        . = ALIGN (0x4)
 *(.data*)
 .data.striped_spin_lock_num
                0x20000f98        0x1 CMakeFiles/pico_tracker.dir/external/pico-sdk/src/rp2_common/hardware_sync/sync.c.o
 *fill*         0x20000f99        0x3 
 .data          0x20000f9c       0x48 CMakeFiles/pico_tracker.dir/external/pico-sdk/src/rp2_common/hardware_irq/irq_handler_chain.S.o
                0x20000f9c                irq_handler_chain_slots
                0x20000fcc                irq_handler_chain_first_slot
                0x20000fd6                irq_handler_chain_remove_tail
 .data.default_alarm_pool
                0x20000fe4       0x18 CMakeFiles/pico_tracker.dir/external/pico-sdk/src/common/pico_time/time.c.o
 *fill*         0x20000ffc        0x4 
 .data.aeabi_bits_funcs
                0x20001000       0x10 CMakeFiles/pico_tracker.dir/external/pico-sdk/src/rp2_common/pico_bit_ops/bit_ops_aeabi.S.o
                0x20001000                aeabi_bits_funcs
                0x20001010                aeabi_bits_funcs_end
 .data.aeabi_mem_funcs
                0x20001010       0x10 CMakeFiles/pico_tracker.dir/external/pico-sdk/src/rp2_common/pico_mem_ops/mem_ops_aeabi.S.o
                0x20001010                aeabi_mem_funcs
                0x20001020                aeabi_mem_funcs_end
 .data.stdio_usb
                0x20001020       0x18 CMakeFiles/pico_tracker.dir/external/pico-sdk/src/rp2_common/pico_stdio_usb/stdio_usb.c.o
                0x20001020                stdio_usb
 .data._usbd_qdef
                0x20001038       0x1c CMakeFiles/pico_tracker.dir/external/pico-sdk/lib/tinyusb/src/device/usbd.c.o
                0x20001038                _usbd_qdef
 .data._usbd_rhport
                0x20001054        0x1 CMakeFiles/pico_tracker.dir/external/pico-sdk/lib/tinyusb/src/device/usbd.c.o
 *fill*         0x20001055        0x3 
 .data.i2c0_inst
                0x20001058        0x8 CMakeFiles/pico_tracker.dir/external/pico-sdk/src/rp2_common/hardware_i2c/i2c.c.o
                0x20001058                i2c0_inst
 .data.__malloc_sbrk_base
                0x20001060        0x4 /Applications/ArmGNUToolchain/14.2.rel1/arm-none-eabi/bin/../lib/gcc/arm-none-eabi/14.2.1/../../../../arm-none-eabi/lib/thumb/v6-m/nofp/libg.a(libc_a-mallocr.o)
                0x20001060                __malloc_sbrk_base
 .data.__malloc_trim_threshold
                0x20001064        0x4 /Applications/ArmGNUToolchain/14.2.rel1/arm-none-eabi/bin/../lib/gcc/arm-none-eabi/14.2.1/../../../../arm-none-eabi/lib/thumb/v6-m/nofp/libg.a(libc_a-mallocr.o)
                0x20001064                __malloc_trim_threshold
 .data.__malloc_av_
                0x20001068      0x408 /Applications/ArmGNUToolchain/14.2.rel1/arm-none-eabi/bin/../lib/gcc/arm-none-eabi/14.2.1/../../../../arm-none-eabi/lib/thumb/v6-m/nofp/libg.a(libc_a-mallocr.o)
                0x20001068                __malloc_av_
 .data._impure_ptr
                0x20001470        0x4 /Applications/ArmGNUToolchain/14.2.rel1/arm-none-eabi/bin/../lib/gcc/arm-none-eabi/14.2.1/../../../../arm-none-eabi/lib/thumb/v6-m/nofp/libg.a(libc_a-impure.o)
                0x20001470                _impure_ptr
 *fill*         0x20001474        0x4 
 .data._impure_data
                0x20001478      0x140 /Applications/ArmGNUToolchain/14.2.rel1/arm-none-eabi/bin/../lib/gcc/arm-none-eabi/14.2.1/../../../../arm-none-eabi/lib/thumb/v6-m/nofp/libg.a(libc_a-impure.o)
                0x20001478                _impure_data
                0x200015b8                        . = ALIGN (0x4)
 *(.after_data.*)
                0x200015b8                        . = ALIGN (0x4)
                0x200015b8                        PROVIDE (__mutex_array_start = .)
 *(SORT_BY_NAME(.mutex_array.*))
 *(.mutex_array)
 .mutex_array   0x200015b8        0x8 CMakeFiles/pico_tracker.dir/external/pico-sdk/src/rp2_common/pico_stdio/stdio.c.o
                0x200015c0                        PROVIDE (__mutex_array_end = .)
                0x200015c0                        . = ALIGN (0x4)
 *(.jcr)
                0x200015c0                        . = ALIGN (0x4)

.tm_clone_table
                0x200015c0        0x0 load address 0x100089a0
 .tm_clone_table
                0x200015c0        0x0 /Applications/ArmGNUToolchain/14.2.rel1/arm-none-eabi/bin/../lib/gcc/arm-none-eabi/14.2.1/thumb/v6-m/nofp/crtbegin.o
 .tm_clone_table
                0x200015c0        0x0 /Applications/ArmGNUToolchain/14.2.rel1/arm-none-eabi/bin/../lib/gcc/arm-none-eabi/14.2.1/thumb/v6-m/nofp/crtend.o

.igot.plt       0x200015c0        0x0 load address 0x100089a0
 .igot.plt      0x200015c0        0x0 /Applications/ArmGNUToolchain/14.2.rel1/arm-none-eabi/bin/../lib/gcc/arm-none-eabi/14.2.1/thumb/v6-m/nofp/crtbegin.o

.tdata          0x200015c0        0x0 load address 0x100089a0
                0x200015c0                        . = ALIGN (0x4)
 *(.tdata .tdata.* .gnu.linkonce.td.*)
                0x200015c0                        __tdata_end = .
                0x200015c0                        PROVIDE (__data_end__ = .)
                0x100074a0                        __etext = LOADADDR (.data)

.tbss           0x200015c0        0x0 load address 0x100089a0
                0x200015c0                        . = ALIGN (0x4)
                0x200015c0                        __bss_start__ = .
                0x200015c0                        __tls_base = .
 *(.tbss .tbss.* .gnu.linkonce.tb.*)
 *(.tcommon)
                0x200015c0                        __tls_end = .

.bss            0x200015c0     0x12c4 load address 0x100089a0
                0x200015c0                        . = ALIGN (0x4)
                0x200015c0                        __tbss_end = .
 *(SORT_BY_ALIGNMENT(SORT_BY_NAME(.bss*)))
 .bss.default_alarm_pool_entries
                0x200015c0      0x180 CMakeFiles/pico_tracker.dir/external/pico-sdk/src/common/pico_time/time.c.o
 .bss.gps       0x20001740      0x250 CMakeFiles/pico_tracker.dir/main.cpp.o
                0x20001740                gps
 .bss.last_avail_time.1
                0x20001990        0x8 CMakeFiles/pico_tracker.dir/external/pico-sdk/src/rp2_common/pico_stdio_usb/stdio_usb.c.o
 .bss.sd_table  0x20001998      0x100 CMakeFiles/pico_tracker.dir/external/pico-sdk/src/rp2_common/pico_double/double_init_rom_rp2040.c.o
                0x20001998                sd_table
 .bss.__lock___malloc_recursive_mutex
                0x20001a98        0x1 /Applications/ArmGNUToolchain/14.2.rel1/arm-none-eabi/bin/../lib/gcc/arm-none-eabi/14.2.1/../../../../arm-none-eabi/lib/thumb/v6-m/nofp/libg.a(libc_a-lock.o)
                0x20001a98                __lock___malloc_recursive_mutex
 *fill*         0x20001a99        0x3 
 .bss.__malloc_current_mallinfo
                0x20001a9c       0x28 /Applications/ArmGNUToolchain/14.2.rel1/arm-none-eabi/bin/../lib/gcc/arm-none-eabi/14.2.1/../../../../arm-none-eabi/lib/thumb/v6-m/nofp/libg.a(libc_a-mallocr.o)
                0x20001a9c                __malloc_current_mallinfo
 .bss.__malloc_max_sbrked_mem
                0x20001ac4        0x4 /Applications/ArmGNUToolchain/14.2.rel1/arm-none-eabi/bin/../lib/gcc/arm-none-eabi/14.2.1/../../../../arm-none-eabi/lib/thumb/v6-m/nofp/libg.a(libc_a-mallocr.o)
                0x20001ac4                __malloc_max_sbrked_mem
 .bss.__malloc_max_total_mem
                0x20001ac8        0x4 /Applications/ArmGNUToolchain/14.2.rel1/arm-none-eabi/bin/../lib/gcc/arm-none-eabi/14.2.1/../../../../arm-none-eabi/lib/thumb/v6-m/nofp/libg.a(libc_a-mallocr.o)
                0x20001ac8                __malloc_max_total_mem
 .bss.__malloc_top_pad
                0x20001acc        0x4 /Applications/ArmGNUToolchain/14.2.rel1/arm-none-eabi/bin/../lib/gcc/arm-none-eabi/14.2.1/../../../../arm-none-eabi/lib/thumb/v6-m/nofp/libg.a(libc_a-mallocr.o)
                0x20001acc                __malloc_top_pad
 .bss.__sf      0x20001ad0      0x138 /Applications/ArmGNUToolchain/14.2.rel1/arm-none-eabi/bin/../lib/gcc/arm-none-eabi/14.2.1/../../../../arm-none-eabi/lib/thumb/v6-m/nofp/libg.a(libc_a-findfp.o)
                0x20001ad0                __sf
 .bss._app_driver
                0x20001c08        0x4 CMakeFiles/pico_tracker.dir/external/pico-sdk/lib/tinyusb/src/device/usbd.c.o
 .bss._cdcd_epbuf
                0x20001c0c       0x80 CMakeFiles/pico_tracker.dir/external/pico-sdk/lib/tinyusb/src/class/cdc/cdc_device.c.o
 .bss._cdcd_fifo_cfg
                0x20001c8c        0x1 CMakeFiles/pico_tracker.dir/external/pico-sdk/lib/tinyusb/src/class/cdc/cdc_device.c.o
 *fill*         0x20001c8d        0x3 
 .bss._cdcd_itf
                0x20001c90       0xc8 CMakeFiles/pico_tracker.dir/external/pico-sdk/lib/tinyusb/src/class/cdc/cdc_device.c.o
 .bss._ctrl_epbuf
                0x20001d58       0x40 CMakeFiles/pico_tracker.dir/external/pico-sdk/lib/tinyusb/src/device/usbd_control.c.o
 .bss._ctrl_xfer
                0x20001d98       0x14 CMakeFiles/pico_tracker.dir/external/pico-sdk/lib/tinyusb/src/device/usbd_control.c.o
 .bss._tusb_rhport_role
                0x20001dac        0x2 CMakeFiles/pico_tracker.dir/external/pico-sdk/lib/tinyusb/src/tusb.c.o
                0x20001dac                _tusb_rhport_role
 *fill*         0x20001dae        0x2 
 .bss._ubsd_mutexdef
                0x20001db0        0x8 CMakeFiles/pico_tracker.dir/external/pico-sdk/lib/tinyusb/src/device/usbd.c.o
 .bss._usbd_dev
                0x20001db8       0x54 CMakeFiles/pico_tracker.dir/external/pico-sdk/lib/tinyusb/src/device/usbd.c.o
 .bss._usbd_mutex
                0x20001e0c        0x4 CMakeFiles/pico_tracker.dir/external/pico-sdk/lib/tinyusb/src/device/usbd.c.o
 .bss._usbd_q   0x20001e10        0x4 CMakeFiles/pico_tracker.dir/external/pico-sdk/lib/tinyusb/src/device/usbd.c.o
 .bss._usbd_qdef_buf
                0x20001e14       0xc0 CMakeFiles/pico_tracker.dir/external/pico-sdk/lib/tinyusb/src/device/usbd.c.o
                0x20001e14                _usbd_qdef_buf
 .bss._vendord_epbuf
                0x20001ed4       0x80 CMakeFiles/pico_tracker.dir/external/pico-sdk/lib/tinyusb/src/class/vendor/vendor_device.c.o
 .bss._vendord_itf
                0x20001f54      0x24c CMakeFiles/pico_tracker.dir/external/pico-sdk/lib/tinyusb/src/class/vendor/vendor_device.c.o
 .bss.boot2_copyout
                0x200021a0      0x100 CMakeFiles/pico_tracker.dir/external/pico-sdk/src/rp2_common/hardware_flash/flash.c.o
 .bss.chars_available_callback
                0x200022a0        0x4 CMakeFiles/pico_tracker.dir/external/pico-sdk/src/rp2_common/pico_stdio_usb/stdio_usb.c.o
 .bss.chars_available_param
                0x200022a4        0x4 CMakeFiles/pico_tracker.dir/external/pico-sdk/src/rp2_common/pico_stdio_usb/stdio_usb.c.o
 .bss.claimed   0x200022a8        0x4 CMakeFiles/pico_tracker.dir/external/pico-sdk/src/rp2_common/hardware_sync/sync.c.o
 .bss.claimed   0x200022ac        0x1 CMakeFiles/pico_tracker.dir/external/pico-sdk/src/rp2_common/hardware_timer/timer.c.o
 *fill*         0x200022ad        0x3 
 .bss.configured_freq
                0x200022b0       0x28 CMakeFiles/pico_tracker.dir/external/pico-sdk/src/rp2_common/hardware_clocks/clocks.c.o
 .bss.desc_str.0
                0x200022d8       0x28 CMakeFiles/pico_tracker.dir/external/pico-sdk/src/rp2_common/pico_stdio_usb/stdio_usb_descriptors.c.o
 .bss.drivers   0x20002300        0x4 CMakeFiles/pico_tracker.dir/external/pico-sdk/src/rp2_common/pico_stdio/stdio.c.o
 .bss.e15_last_sof
                0x20002304        0x4 CMakeFiles/pico_tracker.dir/external/pico-sdk/lib/tinyusb/src/portable/raspberrypi/rp2040/rp2040_usb.c.o
                0x20002304                e15_last_sof
 .bss.errno     0x20002308        0x4 /Applications/ArmGNUToolchain/14.2.rel1/arm-none-eabi/bin/../lib/gcc/arm-none-eabi/14.2.1/../../../../arm-none-eabi/lib/thumb/v6-m/nofp/libg.a(libc_a-reent.o)
                0x20002308                errno
 .bss.filter    0x2000230c        0x4 CMakeFiles/pico_tracker.dir/external/pico-sdk/src/rp2_common/pico_stdio/stdio.c.o
 .bss.heap_end.0
                0x20002310        0x4 CMakeFiles/pico_tracker.dir/external/pico-sdk/src/rp2_common/pico_clib_interface/newlib_interface.c.o
 .bss.hw_endpoints
                0x20002314      0x400 CMakeFiles/pico_tracker.dir/external/pico-sdk/lib/tinyusb/src/portable/raspberrypi/rp2040/dcd_rp2040.c.o
 .bss.lazy_vsnprintf
                0x20002714        0x4 CMakeFiles/pico_tracker.dir/external/pico-sdk/src/rp2_common/pico_printf/printf.c.o
 .bss.load_value
                0x20002718        0x4 CMakeFiles/pico_tracker.dir/external/pico-sdk/src/rp2_common/hardware_watchdog/watchdog.c.o
 .bss.next_buffer_ptr
                0x2000271c        0x4 CMakeFiles/pico_tracker.dir/external/pico-sdk/lib/tinyusb/src/portable/raspberrypi/rp2040/dcd_rp2040.c.o
 .bss.object.0  0x20002720       0x18 /Applications/ArmGNUToolchain/14.2.rel1/arm-none-eabi/bin/../lib/gcc/arm-none-eabi/14.2.1/thumb/v6-m/nofp/crtbegin.o
 .bss.one_shot_timer_crit_sec
                0x20002738        0x8 CMakeFiles/pico_tracker.dir/external/pico-sdk/src/rp2_common/pico_stdio_usb/stdio_usb.c.o
 .bss.pools     0x20002740       0x10 CMakeFiles/pico_tracker.dir/external/pico-sdk/src/common/pico_time/time.c.o
 .bss.retrieved_id
                0x20002750        0x8 CMakeFiles/pico_tracker.dir/external/pico-sdk/src/rp2_common/pico_unique_id/unique_id.c.o
 .bss.sf_clz_func
                0x20002758        0x4 CMakeFiles/pico_tracker.dir/external/pico-sdk/src/rp2_common/pico_double/double_init_rom_rp2040.c.o
                0x20002758                sf_clz_func
 .bss.sf_table  0x2000275c      0x100 CMakeFiles/pico_tracker.dir/external/pico-sdk/src/rp2_common/pico_float/float_init_rom_rp2040.c.o
                0x2000275c                sf_table
 .bss.sleep_notifier
                0x2000285c        0x4 CMakeFiles/pico_tracker.dir/external/pico-sdk/src/common/pico_time/time.c.o
 .bss.stdio_usb_mutex
                0x20002860        0x8 CMakeFiles/pico_tracker.dir/external/pico-sdk/src/rp2_common/pico_stdio_usb/stdio_usb.c.o
 .bss.usbd_serial_str
                0x20002868       0x11 CMakeFiles/pico_tracker.dir/external/pico-sdk/src/rp2_common/pico_stdio_usb/stdio_usb_descriptors.c.o
 .bss._ZZN8gps_pico7processEhP9ubxPackethhE11storedClass
                0x20002879        0x1 gps/libgps.a(gps_pico.cpp.o)
 .bss._ZZN8gps_pico7processEhP9ubxPackethhE8storedID
                0x2000287a        0x1 gps/libgps.a(gps_pico.cpp.o)
 .bss._app_driver_count
                0x2000287b        0x1 CMakeFiles/pico_tracker.dir/external/pico-sdk/lib/tinyusb/src/device/usbd.c.o
 .bss._sof_enable
                0x2000287c        0x1 CMakeFiles/pico_tracker.dir/external/pico-sdk/lib/tinyusb/src/portable/raspberrypi/rp2040/dcd_rp2040.c.o
 .bss._usbd_queued_setup
                0x2000287d        0x1 CMakeFiles/pico_tracker.dir/external/pico-sdk/lib/tinyusb/src/device/usbd.c.o
 .bss.boot2_copyout_valid
                0x2000287e        0x1 CMakeFiles/pico_tracker.dir/external/pico-sdk/src/rp2_common/hardware_flash/flash.c.o
 .bss.irq_handler_chain_free_slot_head
                0x2000287f        0x1 CMakeFiles/pico_tracker.dir/external/pico-sdk/src/rp2_common/hardware_irq/irq.c.o
 .bss.itf_num   0x20002880        0x1 CMakeFiles/pico_tracker.dir/external/pico-sdk/src/rp2_common/pico_stdio_usb/reset_interface.c.o
 .bss.low_priority_irq_num
                0x20002881        0x1 CMakeFiles/pico_tracker.dir/external/pico-sdk/src/rp2_common/pico_stdio_usb/stdio_usb.c.o
 .bss.one_shot_timer_pending
                0x20002882        0x1 CMakeFiles/pico_tracker.dir/external/pico-sdk/src/rp2_common/pico_stdio_usb/stdio_usb.c.o
 .bss.user_irq_claimed
                0x20002883        0x1 CMakeFiles/pico_tracker.dir/external/pico-sdk/src/rp2_common/hardware_irq/irq.c.o
 *(COMMON)
                0x20002884                        . = ALIGN (0x4)
                0x20002884                        __bss_end__ = .

.heap           0x20002884      0x800 load address 0x100089a0
                0x20002884                        __end__ = .
                0x20002884                        end = __end__
 *(.heap*)
 .heap          0x20002884      0x800 CMakeFiles/pico_tracker.dir/external/pico-sdk/src/rp2_common/pico_crt0/crt0.S.o
                0x20040000                        __HeapLimit = (ORIGIN (RAM) + LENGTH (RAM))

.scratch_x      0x20040000        0x0 load address 0x100089a0
                0x20040000                        __scratch_x_start__ = .
 *(.scratch_x.*)
                0x20040000                        . = ALIGN (0x4)
                0x20040000                        __scratch_x_end__ = .
                0x100089a0                        __scratch_x_source__ = LOADADDR (.scratch_x)

.scratch_y      0x20041000        0x0 load address 0x100089a0
                0x20041000                        __scratch_y_start__ = .
 *(.scratch_y.*)
                0x20041000                        . = ALIGN (0x4)
                0x20041000                        __scratch_y_end__ = .
                0x100089a0                        __scratch_y_source__ = LOADADDR (.scratch_y)

.stack1_dummy
 *(.stack1*)

.stack_dummy    0x20041000      0x800
 *(.stack*)
 .stack         0x20041000      0x800 CMakeFiles/pico_tracker.dir/external/pico-sdk/src/rp2_common/pico_crt0/crt0.S.o

.flash_end      0x100089a0        0x0
 *(.embedded_end_block*)
                0x100089a0                        PROVIDE (__flash_binary_end = .)
                0x20040000                        __StackLimit = (ORIGIN (RAM) + LENGTH (RAM))
                0x20041000                        __StackOneTop = (ORIGIN (SCRATCH_X) + LENGTH (SCRATCH_X))
                0x20042000                        __StackTop = (ORIGIN (SCRATCH_Y) + LENGTH (SCRATCH_Y))
                0x20041000                        __StackOneBottom = (__StackOneTop - SIZEOF (.stack1_dummy))
                0x20041800                        __StackBottom = (__StackTop - SIZEOF (.stack_dummy))
                0x20042000                        PROVIDE (__stack = __StackTop)
                [!provide]                        PROVIDE (__heap_start = __end__)
                [!provide]                        PROVIDE (__heap_end = __HeapLimit)
                [!provide]                        PROVIDE (__tls_align = MAX (ALIGNOF (.tdata), ALIGNOF (.tbss)))
                [!provide]                        PROVIDE (__tls_size_align = (((__tls_size + __tls_align) - 0x1) & ~ ((__tls_align - 0x1))))
                [!provide]                        PROVIDE (__arm32_tls_tcb_offset = MAX (0x8, __tls_align))
                [!provide]                        PROVIDE (_end = __end__)
                [!provide]                        PROVIDE (__llvm_libc_heap_limit = __HeapLimit)
                0x00000001                        ASSERT ((__StackLimit >= __HeapLimit), region RAM overflowed)
                0x00000001                        ASSERT (((__binary_info_header_end - __logical_binary_start) <= 0x100), Binary info must be in first 256 bytes of the binary)
LOAD CMakeFiles/pico_tracker.dir/main.cpp.o
LOAD CMakeFiles/pico_tracker.dir/external/pico-sdk/src/rp2_common/pico_stdlib/stdlib.c.o
LOAD CMakeFiles/pico_tracker.dir/external/pico-sdk/src/rp2_common/hardware_gpio/gpio.c.o
LOAD CMakeFiles/pico_tracker.dir/external/pico-sdk/src/rp2040/pico_platform/platform.c.o
LOAD CMakeFiles/pico_tracker.dir/external/pico-sdk/src/rp2_common/pico_platform_panic/panic.c.o
LOAD CMakeFiles/pico_tracker.dir/external/pico-sdk/src/common/hardware_claim/claim.c.o
LOAD CMakeFiles/pico_tracker.dir/external/pico-sdk/src/rp2_common/hardware_sync/sync.c.o
LOAD CMakeFiles/pico_tracker.dir/external/pico-sdk/src/rp2_common/hardware_sync_spin_lock/sync_spin_lock.c.o
LOAD CMakeFiles/pico_tracker.dir/external/pico-sdk/src/rp2_common/hardware_irq/irq.c.o
LOAD CMakeFiles/pico_tracker.dir/external/pico-sdk/src/rp2_common/hardware_irq/irq_handler_chain.S.o
LOAD CMakeFiles/pico_tracker.dir/external/pico-sdk/src/common/pico_sync/sem.c.o
LOAD CMakeFiles/pico_tracker.dir/external/pico-sdk/src/common/pico_sync/lock_core.c.o
LOAD CMakeFiles/pico_tracker.dir/external/pico-sdk/src/common/pico_sync/mutex.c.o
LOAD CMakeFiles/pico_tracker.dir/external/pico-sdk/src/common/pico_sync/critical_section.c.o
LOAD CMakeFiles/pico_tracker.dir/external/pico-sdk/src/common/pico_time/time.c.o
LOAD CMakeFiles/pico_tracker.dir/external/pico-sdk/src/common/pico_time/timeout_helper.c.o
LOAD CMakeFiles/pico_tracker.dir/external/pico-sdk/src/rp2_common/hardware_timer/timer.c.o
LOAD CMakeFiles/pico_tracker.dir/external/pico-sdk/src/common/pico_util/datetime.c.o
LOAD CMakeFiles/pico_tracker.dir/external/pico-sdk/src/common/pico_util/pheap.c.o
LOAD CMakeFiles/pico_tracker.dir/external/pico-sdk/src/common/pico_util/queue.c.o
LOAD CMakeFiles/pico_tracker.dir/external/pico-sdk/src/rp2_common/hardware_uart/uart.c.o
LOAD CMakeFiles/pico_tracker.dir/external/pico-sdk/src/rp2_common/hardware_clocks/clocks.c.o
LOAD CMakeFiles/pico_tracker.dir/external/pico-sdk/src/rp2_common/hardware_pll/pll.c.o
LOAD CMakeFiles/pico_tracker.dir/external/pico-sdk/src/rp2_common/hardware_vreg/vreg.c.o
LOAD CMakeFiles/pico_tracker.dir/external/pico-sdk/src/rp2_common/hardware_watchdog/watchdog.c.o
LOAD CMakeFiles/pico_tracker.dir/external/pico-sdk/src/rp2_common/hardware_ticks/ticks.c.o
LOAD CMakeFiles/pico_tracker.dir/external/pico-sdk/src/rp2_common/pico_bootrom/bootrom.c.o
LOAD CMakeFiles/pico_tracker.dir/external/pico-sdk/src/rp2_common/pico_bootrom/bootrom_lock.c.o
LOAD CMakeFiles/pico_tracker.dir/external/pico-sdk/src/rp2_common/hardware_boot_lock/boot_lock.c.o
LOAD CMakeFiles/pico_tracker.dir/external/pico-sdk/src/rp2_common/pico_flash/flash.c.o
LOAD CMakeFiles/pico_tracker.dir/external/pico-sdk/src/rp2_common/hardware_xosc/xosc.c.o
LOAD CMakeFiles/pico_tracker.dir/external/pico-sdk/src/rp2_common/hardware_divider/divider.S.o
LOAD CMakeFiles/pico_tracker.dir/external/pico-sdk/src/rp2_common/pico_runtime/runtime.c.o
LOAD CMakeFiles/pico_tracker.dir/external/pico-sdk/src/rp2_common/pico_runtime_init/runtime_init.c.o
LOAD CMakeFiles/pico_tracker.dir/external/pico-sdk/src/rp2_common/pico_runtime_init/runtime_init_clocks.c.o
LOAD CMakeFiles/pico_tracker.dir/external/pico-sdk/src/rp2_common/pico_runtime_init/runtime_init_stack_guard.c.o
LOAD CMakeFiles/pico_tracker.dir/external/pico-sdk/src/rp2_common/pico_bit_ops/bit_ops_aeabi.S.o
LOAD CMakeFiles/pico_tracker.dir/external/pico-sdk/src/rp2_common/pico_divider/divider_hardware.S.o
LOAD CMakeFiles/pico_tracker.dir/external/pico-sdk/src/rp2_common/pico_double/double_aeabi_rp2040.S.o
LOAD CMakeFiles/pico_tracker.dir/external/pico-sdk/src/rp2_common/pico_double/double_init_rom_rp2040.c.o
LOAD CMakeFiles/pico_tracker.dir/external/pico-sdk/src/rp2_common/pico_double/double_math.c.o
LOAD CMakeFiles/pico_tracker.dir/external/pico-sdk/src/rp2_common/pico_double/double_v1_rom_shim_rp2040.S.o
LOAD CMakeFiles/pico_tracker.dir/external/pico-sdk/src/rp2_common/pico_int64_ops/pico_int64_ops_aeabi.S.o
LOAD CMakeFiles/pico_tracker.dir/external/pico-sdk/src/rp2_common/pico_float/float_aeabi_rp2040.S.o